Component: ARM Compiler 5.06 update 6 (build 750) Tool: armlink [4d35ed]

==============================================================================

Section Cross References

    startup_stm32f407xx.o(RESET) refers to startup_stm32f407xx.o(STACK) for __initial_sp
    startup_stm32f407xx.o(RESET) refers to startup_stm32f407xx.o(.text) for Reset_Handler
    startup_stm32f407xx.o(RESET) refers to stm32f4xx_it.o(i.NMI_Handler) for NMI_Handler
    startup_stm32f407xx.o(RESET) refers to stm32f4xx_it.o(i.HardFault_Handler) for HardFault_Handler
    startup_stm32f407xx.o(RESET) refers to stm32f4xx_it.o(i.MemManage_Handler) for MemManage_Handler
    startup_stm32f407xx.o(RESET) refers to stm32f4xx_it.o(i.BusFault_Handler) for BusFault_Handler
    startup_stm32f407xx.o(RESET) refers to stm32f4xx_it.o(i.UsageFault_Handler) for UsageFault_Handler
    startup_stm32f407xx.o(RESET) refers to stm32f4xx_it.o(i.SVC_Handler) for SVC_Handler
    startup_stm32f407xx.o(RESET) refers to stm32f4xx_it.o(i.DebugMon_Handler) for DebugMon_Handler
    startup_stm32f407xx.o(RESET) refers to stm32f4xx_it.o(i.PendSV_Handler) for PendSV_Handler
    startup_stm32f407xx.o(RESET) refers to stm32f4xx_it.o(i.SysTick_Handler) for SysTick_Handler
    startup_stm32f407xx.o(RESET) refers to stm32f4xx_it.o(i.USART1_IRQHandler) for USART1_IRQHandler
    startup_stm32f407xx.o(RESET) refers to stm32f4xx_it.o(i.TIM6_DAC_IRQHandler) for TIM6_DAC_IRQHandler
    startup_stm32f407xx.o(RESET) refers to stm32f4xx_it.o(i.DMA2_Stream2_IRQHandler) for DMA2_Stream2_IRQHandler
    startup_stm32f407xx.o(RESET) refers to stm32f4xx_it.o(i.DMA2_Stream7_IRQHandler) for DMA2_Stream7_IRQHandler
    startup_stm32f407xx.o(.text) refers to system_stm32f4xx.o(i.SystemInit) for SystemInit
    startup_stm32f407xx.o(.text) refers to entry.o(.ARM.Collect$$$$00000000) for __main
    mainpp.o(i.HAL_TIM_PeriodElapsedCallback) refers to motor.o(i._ZN5Motor11updateSpeedEv) for Motor::updateSpeed()
    mainpp.o(i.HAL_TIM_PeriodElapsedCallback) refers to stm32f4xx_hal_gpio.o(i.HAL_GPIO_TogglePin) for HAL_GPIO_TogglePin
    mainpp.o(i.HAL_TIM_PeriodElapsedCallback) refers to tim.o(.bss) for htim6
    mainpp.o(i.HAL_TIM_PeriodElapsedCallback) refers to mainpp.o(.bss) for .bss
    mainpp.o(i.HAL_UART_RxCpltCallback) refers to mainpp.o(i._ZN13STM32Hardware10reset_rbufEv) for STM32Hardware::reset_rbuf()
    mainpp.o(i.HAL_UART_RxCpltCallback) refers to mainpp.o(.bss) for .bss
    mainpp.o(i.HAL_UART_TxCpltCallback) refers to mainpp.o(i._ZN13STM32Hardware5flushEv) for STM32Hardware::flush()
    mainpp.o(i.HAL_UART_TxCpltCallback) refers to mainpp.o(.bss) for .bss
    mainpp.o(i._Z16command_callbackRKN13geometry_msgs5TwistE) refers to kinematics.o(i._ZN10Kinematics17Velocities_to_rpmEfff) for Kinematics::Velocities_to_rpm(float, float, float)
    mainpp.o(i._Z16command_callbackRKN13geometry_msgs5TwistE) refers to mainpp.o(.bss) for .bss
    mainpp.o(i._Z23publish_linear_velocityv) refers to kinematics.o(i._ZN10Kinematics17rpm_to_VelocitiesEdddd) for Kinematics::rpm_to_Velocities(double, double, double, double)
    mainpp.o(i._Z23publish_linear_velocityv) refers to mainpp.o(.bss) for .bss
    mainpp.o(i._Z9motor_runv) refers to pid.o(i._ZN3PID7computeEdd) for PID::compute(double, double)
    mainpp.o(i._Z9motor_runv) refers to motor.o(i._ZN5Motor4spinEs) for Motor::spin(short)
    mainpp.o(i._Z9motor_runv) refers to mainpp.o(.bss) for .bss
    mainpp.o(i._Z9motor_runv) refers to mainpp.o(.data) for .data
    mainpp.o(i.__sti___10_mainpp_cpp_motorA) refers to motor.o(i._ZN5MotorC1E13Motor_TypeDef) for Motor::Motor(Motor_TypeDef)
    mainpp.o(i.__sti___10_mainpp_cpp_motorA) refers to pid.o(i._ZN3PIDC1Efffff) for PID::PID(float, float, float, float, float)
    mainpp.o(i.__sti___10_mainpp_cpp_motorA) refers to kinematics.o(i._ZN10KinematicsC1Efff) for Kinematics::Kinematics(float, float, float)
    mainpp.o(i.__sti___10_mainpp_cpp_motorA) refers to mainpp.o(i._ZN13geometry_msgs5TwistC1Ev) for geometry_msgs::Twist::Twist()
    mainpp.o(i.__sti___10_mainpp_cpp_motorA) refers to mainpp.o(t._ZN3ros11NodeHandle_I13STM32HardwareLi25ELi25ELi512ELi512EEC1Ev) for ros::NodeHandle_<STM32Hardware, (int)25, (int)25, (int)512, (int)512>::NodeHandle_()
    mainpp.o(i.__sti___10_mainpp_cpp_motorA) refers to mainpp.o(.bss) for .bss
    mainpp.o(i.__sti___10_mainpp_cpp_motorA) refers to mainpp.o(i._Z16command_callbackRKN13geometry_msgs5TwistE) for command_callback(const geometry_msgs::Twist&)
    mainpp.o(i.__sti___10_mainpp_cpp_motorA) refers to mainpp.o(.constdata__ZTVN3ros10SubscriberIN13geometry_msgs5TwistEEE) for vtable for ros::Subscriber<geometry_msgs::Twist>
    mainpp.o(i.loop) refers to stm32f4xx_hal.o(i.HAL_Delay) for HAL_Delay
    mainpp.o(i.loop) refers to mainpp.o(i._Z9motor_runv) for motor_run()
    mainpp.o(i.loop) refers to mainpp.o(i._Z23publish_linear_velocityv) for publish_linear_velocity()
[...]
    UART_Receive_IT(UART_HandleTypeDef*)     0x080044ed   Thumb Code   140  stm32f4xx_hal_uart.o(i._Z15UART_Receive_ITP18UART_HandleTypeDef)
    i._Z16NVIC_SetPriority9IRQn_Typej        0x08004578   Section        0  stm32f4xx_hal_cortex.o(i._Z16NVIC_SetPriority9IRQn_Typej)
    NVIC_SetPriority(IRQn_Type, unsigned)    0x08004579   Thumb Code    32  stm32f4xx_hal_cortex.o(i._Z16NVIC_SetPriority9IRQn_Typej)
    i._Z16UART_Transmit_ITP18UART_HandleTypeDef 0x08004598   Section        0  stm32f4xx_hal_uart.o(i._Z16UART_Transmit_ITP18UART_HandleTypeDef)
    UART_Transmit_IT(UART_HandleTypeDef*)    0x08004599   Thumb Code    98  stm32f4xx_hal_uart.o(i._Z16UART_Transmit_ITP18UART_HandleTypeDef)
    i._Z16command_callbackRKN13geometry_msgs5TwistE 0x080045fc   Section        0  mainpp.o(i._Z16command_callbackRKN13geometry_msgs5TwistE)
    i._Z17TIM_ETR_SetConfigP11TIM_TypeDefjjj 0x08004620   Section        0  stm32f4xx_hal_tim.o(i._Z17TIM_ETR_SetConfigP11TIM_TypeDefjjj)
    TIM_ETR_SetConfig(TIM_TypeDef*, unsigned, unsigned, unsigned) 0x08004621   Thumb Code    20  stm32f4xx_hal_tim.o(i._Z17TIM_ETR_SetConfigP11TIM_TypeDefjjj)
    i._Z17TIM_OC1_SetConfigP11TIM_TypeDefP18TIM_OC_InitTypeDef 0x08004634   Section        0  stm32f4xx_hal_tim.o(i._Z17TIM_OC1_SetConfigP11TIM_TypeDefP18TIM_OC_InitTypeDef)
    TIM_OC1_SetConfig(TIM_TypeDef*, TIM_OC_InitTypeDef*) 0x08004635   Thumb Code    80  stm32f4xx_hal_tim.o(i._Z17TIM_OC1_SetConfigP11TIM_TypeDefP18TIM_OC_InitTypeDef)
    i._Z17TIM_OC3_SetConfigP11TIM_TypeDefP18TIM_OC_InitTypeDef 0x0800468c   Section        0  stm32f4xx_hal_tim.o(i._Z17TIM_OC3_SetConfigP11TIM_TypeDefP18TIM_OC_InitTypeDef)
    TIM_OC3_SetConfig(TIM_TypeDef*, TIM_OC_InitTypeDef*) 0x0800468d   Thumb Code   158  stm32f4xx_hal_tim.o(i._Z17TIM_OC3_SetConfigP11TIM_TypeDefP18TIM_OC_InitTypeDef)
    i._Z17TIM_OC4_SetConfigP11TIM_TypeDefP18TIM_OC_InitTypeDef 0x0800476c   Section        0  stm32f4xx_hal_tim.o(i._Z17TIM_OC4_SetConfigP11TIM_TypeDefP18TIM_OC_InitTypeDef)
    TIM_OC4_SetConfig(TIM_TypeDef*, TIM_OC_InitTypeDef*) 0x0800476d   Thumb Code   100  stm32f4xx_hal_tim.o(i._Z17TIM_OC4_SetConfigP11TIM_TypeDefP18TIM_OC_InitTypeDef)
    i._Z18DMA_CheckFifoParamP19__DMA_HandleTypeDef 0x08004810   Section        0  stm32f4xx_hal_dma.o(i._Z18DMA_CheckFifoParamP19__DMA_HandleTypeDef)
    DMA_CheckFifoParam(__DMA_HandleTypeDef*) 0x08004811   Thumb Code    84  stm32f4xx_hal_dma.o(i._Z18DMA_CheckFifoParamP19__DMA_HandleTypeDef)
    i._Z18SystemClock_Configv                0x08004864   Section        0  main.o(i._Z18SystemClock_Configv)
    i._Z18TIM_ITRx_SetConfigP11TIM_TypeDeft  0x080048e8   Section        0  stm32f4xx_hal_tim.o(i._Z18TIM_ITRx_SetConfigP11TIM_TypeDeft)
    TIM_ITRx_SetConfig(TIM_TypeDef*, unsigned short) 0x080048e9   Thumb Code    16  stm32f4xx_hal_tim.o(i._Z18TIM_ITRx_SetConfigP11TIM_TypeDeft)
    i._Z18UART_DMARxHalfCpltP19__DMA_HandleTypeDef 0x080048f8   Section        0  stm32f4xx_hal_uart.o(i._Z18UART_DMARxHalfCpltP19__DMA_HandleTypeDef)
    UART_DMARxHalfCplt(__DMA_HandleTypeDef*) 0x080048f9   Thumb Code    10  stm32f4xx_hal_uart.o(i._Z18UART_DMARxHalfCpltP19__DMA_HandleTypeDef)
    i._Z18UART_DMATxHalfCpltP19__DMA_HandleTypeDef 0x08004902   Section        0  stm32f4xx_hal_uart.o(i._Z18UART_DMATxHalfCpltP19__DMA_HandleTypeDef)
    UART_DMATxHalfCplt(__DMA_HandleTypeDef*) 0x08004903   Thumb Code    10  stm32f4xx_hal_uart.o(i._Z18UART_DMATxHalfCpltP19__DMA_HandleTypeDef)
    i._Z18UART_EndRxTransferP18UART_HandleTypeDef 0x0800490c   Section        0  stm32f4xx_hal_uart.o(i._Z18UART_EndRxTransferP18UART_HandleTypeDef)
    UART_EndRxTransfer(UART_HandleTypeDef*)  0x0800490d   Thumb Code    28  stm32f4xx_hal_uart.o(i._Z18UART_EndRxTransferP18UART_HandleTypeDef)
    i._Z18UART_EndTxTransferP18UART_HandleTypeDef 0x08004928   Section        0  stm32f4xx_hal_uart.o(i._Z18UART_EndTxTransferP18UART_HandleTypeDef)
    UART_EndTxTransfer(UART_HandleTypeDef*)  0x08004929   Thumb Code    18  stm32f4xx_hal_uart.o(i._Z18UART_EndTxTransferP18UART_HandleTypeDef)
    i._Z19UART_DMAReceiveCpltP19__DMA_HandleTypeDef 0x0800493a   Section        0  stm32f4xx_hal_uart.o(i._Z19UART_DMAReceiveCpltP19__DMA_HandleTypeDef)
    UART_DMAReceiveCplt(__DMA_HandleTypeDef*) 0x0800493b   Thumb Code    60  stm32f4xx_hal_uart.o(i._Z19UART_DMAReceiveCpltP19__DMA_HandleTypeDef)
    i._Z20UART_DMAAbortOnErrorP19__DMA_HandleTypeDef 0x08004976   Section        0  stm32f4xx_hal_uart.o(i._Z20UART_DMAAbortOnErrorP19__DMA_HandleTypeDef)
    UART_DMAAbortOnError(__DMA_HandleTypeDef*) 0x08004977   Thumb Code    16  stm32f4xx_hal_uart.o(i._Z20UART_DMAAbortOnErrorP19__DMA_HandleTypeDef)
    i._Z20UART_DMATransmitCpltP19__DMA_HandleTypeDef 0x08004986   Section        0  stm32f4xx_hal_uart.o(i._Z20UART_DMATransmitCpltP19__DMA_HandleTypeDef)
    UART_DMATransmitCplt(__DMA_HandleTypeDef*) 0x08004987   Thumb Code    46  stm32f4xx_hal_uart.o(i._Z20UART_DMATransmitCpltP19__DMA_HandleTypeDef)
    i._Z23DMA_CalcBaseAndBitshiftP19__DMA_HandleTypeDef 0x080049b4   Section        0  stm32f4xx_hal_dma.o(i._Z23DMA_CalcBaseAndBitshiftP19__DMA_HandleTypeDef)
    DMA_CalcBaseAndBitshift(__DMA_HandleTypeDef*) 0x080049b5   Thumb Code    34  stm32f4xx_hal_dma.o(i._Z23DMA_CalcBaseAndBitshiftP19__DMA_HandleTypeDef)
    i._Z23publish_linear_velocityv           0x080049dc   Section        0  mainpp.o(i._Z23publish_linear_velocityv)
    i._Z24TIM_TI1_ConfigInputStageP11TIM_TypeDefjj 0x08004a28   Section        0  stm32f4xx_hal_tim.o(i._Z24TIM_TI1_ConfigInputStageP11TIM_TypeDefjj)
    TIM_TI1_ConfigInputStage(TIM_TypeDef*, unsigned, unsigned) 0x08004a29   Thumb Code    34  stm32f4xx_hal_tim.o(i._Z24TIM_TI1_ConfigInputStageP11TIM_TypeDefjj)
    i._Z24TIM_TI2_ConfigInputStageP11TIM_TypeDefjj 0x08004a4a   Section        0  stm32f4xx_hal_tim.o(i._Z24TIM_TI2_ConfigInputStageP11TIM_TypeDefjj)
    TIM_TI2_ConfigInputStage(TIM_TypeDef*, unsigned, unsigned) 0x08004a4b   Thumb Code    36  stm32f4xx_hal_tim.o(i._Z24TIM_TI2_ConfigInputStageP11TIM_TypeDefjj)
    i._Z9motor_runv                          0x08004a70   Section        0  mainpp.o(i._Z9motor_runv)
    i._ZN10Kinematics17Velocities_to_rpmEfff 0x08004b10   Section        0  kinematics.o(i._ZN10Kinematics17Velocities_to_rpmEfff)
    i._ZN10Kinematics17rpm_to_VelocitiesEdddd 0x08004bcc   Section        0  kinematics.o(i._ZN10Kinematics17rpm_to_VelocitiesEdddd)
    i._ZN10KinematicsC1Efff                  0x08004cc4   Section        0  kinematics.o(i._ZN10KinematicsC1Efff)
    i._ZN13STM32Hardware10reset_rbufEv       0x08004d0c   Section        0  mainpp.o(i._ZN13STM32Hardware10reset_rbufEv)
    i._ZN13STM32Hardware5flushEv             0x08004d1c   Section        0  mainpp.o(i._ZN13STM32Hardware5flushEv)
    i._ZN13geometry_msgs5Twist11deserializeEPh 0x08004d74   Section        0  mainpp.o(i._ZN13geometry_msgs5Twist11deserializeEPh)
    i._ZN13geometry_msgs5Twist6getMD5Ev      0x08004d90   Section        0  mainpp.o(i._ZN13geometry_msgs5Twist6getMD5Ev)
    i._ZN13geometry_msgs5Twist7getTypeEv     0x08004d98   Section        0  mainpp.o(i._ZN13geometry_msgs5Twist7getTypeEv)
    i._ZN13geometry_msgs5TwistC1Ev           0x08004da0   Section        0  mainpp.o(i._ZN13geometry_msgs5TwistC1Ev)
    i._ZN13geometry_msgs7Vector311deserializeEPh 0x08004db4   Section        0  mainpp.o(i._ZN13geometry_msgs7Vector311deserializeEPh)
    i._ZN13geometry_msgs7Vector36getMD5Ev    0x08004eb8   Section        0  mainpp.o(i._ZN13geometry_msgs7Vector36getMD5Ev)
    i._ZN13geometry_msgs7Vector37getTypeEv   0x08004ec0   Section        0  mainpp.o(i._ZN13geometry_msgs7Vector37getTypeEv)
    i._ZN14rosserial_msgs20RequestParamResponse11deserializeEPh 0x08004ec8   Section        0  mainpp.o(i._ZN14rosserial_msgs20RequestParamResponse11deserializeEPh)
    i._ZN14rosserial_msgs20RequestParamResponse6getMD5Ev 0x08004fb8   Section        0  mainpp.o(i._ZN14rosserial_msgs20RequestParamResponse6getMD5Ev)
    i._ZN14rosserial_msgs20RequestParamResponse7getTypeEv 0x08004fc0   Section        0  mainpp.o(i._ZN14rosserial_msgs20RequestParamResponse7getTypeEv)
    i._ZN14rosserial_msgs3Log6getMD5Ev       0x08004fc8   Section        0  mainpp.o(i._ZN14rosserial_msgs3Log6getMD5Ev)
    i._ZN14rosserial_msgs3Log7getTypeEv      0x08004fd0   Section        0  mainpp.o(i._ZN14rosserial_msgs3Log7getTypeEv)
    i._ZN14rosserial_msgs9TopicInfo6getMD5Ev 0x08004fd8   Section        0  mainpp.o(i._ZN14rosserial_msgs9TopicInfo6getMD5Ev)
    i._ZN14rosserial_msgs9TopicInfo7getTypeEv 0x08004fe0   Section        0  mainpp.o(i._ZN14rosserial_msgs9TopicInfo7getTypeEv)
    i._ZN3PID7computeEdd                     0x08004fe8   Section        0  pid.o(i._ZN3PID7computeEdd)
    i._ZN3PIDC1Efffff                        0x080050ec   Section        0  pid.o(i._ZN3PIDC1Efffff)
    i._ZN3ros16normalizeSecNSecERmS0_        0x080050f4   Section        0  time.o(i._ZN3ros16normalizeSecNSecERmS0_)
    i._ZN5Motor11updateSpeedEv               0x08005114   Section        0  motor.o(i._ZN5Motor11updateSpeedEv)
    i._ZN5Motor4spinEs                       0x080051f4   Section        0  motor.o(i._ZN5Motor4spinEs)
    i._ZN5MotorC1E13Motor_TypeDef            0x08005300   Section        0  motor.o(i._ZN5MotorC1E13Motor_TypeDef)
    i._ZN8std_msgs4Time11deserializeEPh      0x0800531c   Section        0  mainpp.o(i._ZN8std_msgs4Time11deserializeEPh)
    i._ZN8std_msgs4Time6getMD5Ev             0x0800535c   Section        0  mainpp.o(i._ZN8std_msgs4Time6getMD5Ev)
    i._ZN8std_msgs4Time7getTypeEv            0x08005364   Section        0  mainpp.o(i._ZN8std_msgs4Time7getTypeEv)
    i._ZN8std_msgs4TimeC1Ev                  0x0800536c   Section        0  mainpp.o(i._ZN8std_msgs4TimeC1Ev)
    i._ZNK13geometry_msgs5Twist9serializeEPh 0x0800537c   Section        0  mainpp.o(i._ZNK13geometry_msgs5Twist9serializeEPh)
    i._ZNK13geometry_msgs7Vector39serializeEPh 0x08005398   Section        0  mainpp.o(i._ZNK13geometry_msgs7Vector39serializeEPh)
    i._ZNK14rosserial_msgs20RequestParamResponse9serializeEPh 0x08005462   Section        0  mainpp.o(i._ZNK14rosserial_msgs20RequestParamResponse9serializeEPh)
    i._ZNK14rosserial_msgs3Log9serializeEPh  0x0800551e   Section        0  mainpp.o(i._ZNK14rosserial_msgs3Log9serializeEPh)
    i._ZNK14rosserial_msgs9TopicInfo9serializeEPh 0x08005542   Section        0  mainpp.o(i._ZNK14rosserial_msgs9TopicInfo9serializeEPh)
    i._ZNK8std_msgs4Time9serializeEPh        0x080055b8   Section        0  mainpp.o(i._ZNK8std_msgs4Time9serializeEPh)
    i.__free$realloc                         0x080055ec   Section        0  mallocr.o(i.__free$realloc)
    i.__malloc$realloc                       0x08005648   Section        0  mallocr.o(i.__malloc$realloc)
    i.__scatterload_copy                     0x08005698   Section       14  handlers.o(i.__scatterload_copy)
    i.__scatterload_null                     0x080056a6   Section        2  handlers.o(i.__scatterload_null)
    i.__scatterload_zeroinit                 0x080056a8   Section       14  handlers.o(i.__scatterload_zeroinit)
    i.__sti___10_mainpp_cpp_motorA           0x080056b8   Section        0  mainpp.o(i.__sti___10_mainpp_cpp_motorA)
    __sti___10_mainpp_cpp_motorA             0x080056b9   Thumb Code   252  mainpp.o(i.__sti___10_mainpp_cpp_motorA)
    i.assert_failed                          0x080057f0   Section        0  main.o(i.assert_failed)
    i.internal_alloc                         0x080057f4   Section        0  mallocr.o(i.internal_alloc)
    internal_alloc                           0x080057f5   Thumb Code    76  mallocr.o(i.internal_alloc)
    i.loop                                   0x08005844   Section        0  mainpp.o(i.loop)
    i.main                                   0x08005864   Section        0  main.o(i.main)
    i.realloc                                0x08005908   Section        0  mallocr.o(i.realloc)
    i.setup                                  0x08005974   Section        0  mainpp.o(i.setup)
    t._ZN3ros10SubscriberIN13geometry_msgs5TwistEE10getMsgTypeEv 0x08005a28   Section        0  mainpp.o(t._ZN3ros10SubscriberIN13geometry_msgs5TwistEE10getMsgTypeEv)
    t._ZN3ros10SubscriberIN13geometry_msgs5TwistEE15getEndpointTypeEv 0x08005a30   Section        0  mainpp.o(t._ZN3ros10SubscriberIN13geometry_msgs5TwistEE15getEndpointTypeEv)
    t._ZN3ros10SubscriberIN13geometry_msgs5TwistEE8callbackEPh 0x08005a34   Section        0  mainpp.o(t._ZN3ros10SubscriberIN13geometry_msgs5TwistEE8callbackEPh)
    t._ZN3ros10SubscriberIN13geometry_msgs5TwistEE9getMsgMD5Ev 0x08005a4c   Section        0  mainpp.o(t._ZN3ros10SubscriberIN13geometry_msgs5TwistEE9getMsgMD5Ev)
    t._ZN3ros11NodeHandle_I13STM32HardwareLi25ELi25ELi512ELi512EE15negotiateTopicsEv 0x08005a54   Section        0  mainpp.o(t._ZN3ros11NodeHandle_I13STM32HardwareLi25ELi25ELi512ELi512EE15negotiateTopicsEv)
    t._ZN3ros11NodeHandle_I13STM32HardwareLi25ELi25ELi512ELi512EE15requestSyncTimeEv 0x08005b10   Section        0  mainpp.o(t._ZN3ros11NodeHandle_I13STM32HardwareLi25ELi25ELi512ELi512EE15requestSyncTimeEv)
    t._ZN3ros11NodeHandle_I13STM32HardwareLi25ELi25ELi512ELi512EE3logEcPKc 0x08005b34   Section        0  mainpp.o(t._ZN3ros11NodeHandle_I13STM32HardwareLi25ELi25ELi512ELi512EE3logEcPKc)
    t._ZN3ros11NodeHandle_I13STM32HardwareLi25ELi25ELi512ELi512EE7publishEiPKNS_3MsgE 0x08005b50   Section        0  mainpp.o(t._ZN3ros11NodeHandle_I13STM32HardwareLi25ELi25ELi512ELi512EE7publishEiPKNS_3MsgE)
    t._ZN3ros11NodeHandle_I13STM32HardwareLi25ELi25ELi512ELi512EE8spinOnceEv 0x08005c40   Section        0  mainpp.o(t._ZN3ros11NodeHandle_I13STM32HardwareLi25ELi25ELi512ELi512EE8spinOnceEv)
    t._ZN3ros11NodeHandle_I13STM32HardwareLi25ELi25ELi512ELi512EEC1Ev 0x08005ecc   Section        0  mainpp.o(t._ZN3ros11NodeHandle_I13STM32HardwareLi25ELi25ELi512ELi512EEC1Ev)
    .constdata                               0x08005f58   Section       28  mainpp.o(.constdata)
    rosserial_msgs::REQUESTPARAM             0x08005f58   Data          28  mainpp.o(.constdata)
    .constdata                               0x08005f74   Section        8  stm32f4xx_hal_dma.o(.constdata)
    flagBitshiftOffset                       0x08005f74   Data           8  stm32f4xx_hal_dma.o(.constdata)
    .constdata                               0x08005f7c   Section       16  system_stm32f4xx.o(.constdata)
    .constdata                               0x08005f8c   Section        8  system_stm32f4xx.o(.constdata)
    .constdata__ZTVN13geometry_msgs5TwistE   0x08005f94   Section       24  mainpp.o(.constdata__ZTVN13geometry_msgs5TwistE)
    .constdata__ZTVN13geometry_msgs7Vector3E 0x08005fac   Section       24  mainpp.o(.constdata__ZTVN13geometry_msgs7Vector3E)
    .constdata__ZTVN14rosserial_msgs20RequestParamResponseE 0x08005fc4   Section       24  mainpp.o(.constdata__ZTVN14rosserial_msgs20RequestParamResponseE)
    .constdata__ZTVN14rosserial_msgs3LogE    0x08005fdc   Section       24  mainpp.o(.constdata__ZTVN14rosserial_msgs3LogE)
    .constdata__ZTVN14rosserial_msgs9TopicInfoE 0x08005ff4   Section       24  mainpp.o(.constdata__ZTVN14rosserial_msgs9TopicInfoE)
    .constdata__ZTVN3ros10SubscriberIN13geometry_msgs5TwistEEE 0x0800600c   Section       24  mainpp.o(.constdata__ZTVN3ros10SubscriberIN13geometry_msgs5TwistEEE)
    .constdata__ZTVN3ros11NodeHandle_I13STM32HardwareLi25ELi25ELi512ELi512EEE 0x08006024   Section       20  mainpp.o(.constdata__ZTVN3ros11NodeHandle_I13STM32HardwareLi25ELi25ELi512ELi512EEE)
    .constdata__ZTVN8std_msgs4TimeE          0x08006038   Section       24  mainpp.o(.constdata__ZTVN8std_msgs4TimeE)
    .constdata__ZZN13geometry_msgs5Twist6getMD5EvEs 0x08006050   Section       33  mainpp.o(.constdata__ZZN13geometry_msgs5Twist6getMD5EvEs)
    .constdata__ZZN13geometry_msgs5Twist7getTypeEvEs 0x08006071   Section       20  mainpp.o(.constdata__ZZN13geometry_msgs5Twist7getTypeEvEs)
    .constdata__ZZN13geometry_msgs7Vector36getMD5EvEs 0x08006085   Section       33  mainpp.o(.constdata__ZZN13geometry_msgs7Vector36getMD5EvEs)
    .constdata__ZZN13geometry_msgs7Vector37getTypeEvEs 0x080060a6   Section       22  mainpp.o(.constdata__ZZN13geometry_msgs7Vector37getTypeEvEs)
    .constdata__ZZN14rosserial_msgs20RequestParamResponse6getMD5EvEs 0x080060bc   Section       33  mainpp.o(.constdata__ZZN14rosserial_msgs20RequestParamResponse6getMD5EvEs)
    .constdata__ZZN14rosserial_msgs3Log6getMD5EvEs 0x080060dd   Section       33  mainpp.o(.constdata__ZZN14rosserial_msgs3Log6getMD5EvEs)
    .constdata__ZZN14rosserial_msgs3Log7getTypeEvEs 0x080060fe   Section       19  mainpp.o(.constdata__ZZN14rosserial_msgs3Log7getTypeEvEs)
    .constdata__ZZN14rosserial_msgs9TopicInfo6getMD5EvEs 0x08006111   Section       33  mainpp.o(.constdata__ZZN14rosserial_msgs9TopicInfo6getMD5EvEs)
    .constdata__ZZN14rosserial_msgs9TopicInfo7getTypeEvEs 0x08006132   Section       25  mainpp.o(.constdata__ZZN14rosserial_msgs9TopicInfo7getTypeEvEs)
    .constdata__ZZN3ros11NodeHandle_I13STM32HardwareLi25ELi25ELi512ELi512EE7publishEiPKNS_3MsgEEs 0x0800614b   Section       57  mainpp.o(.constdata__ZZN3ros11NodeHandle_I13STM32HardwareLi25ELi25ELi512ELi512EE7publishEiPKNS_3MsgEEs)
    .constdata__ZZN8std_msgs4Time6getMD5EvEs 0x08006184   Section       33  mainpp.o(.constdata__ZZN8std_msgs4Time6getMD5EvEs)
    .constdata__ZZN8std_msgs4Time7getTypeEvEs 0x080061a5   Section       14  mainpp.o(.constdata__ZZN8std_msgs4Time7getTypeEvEs)
    .init_array                              0x080061d4   Section        4  mainpp.o(.init_array)
    .init_array                              0x080061d8   Section        0  cpp_init.o(.init_array)
    .data                                    0x20000000   Section        8  mainpp.o(.data)
    .data                                    0x20000008   Section       12  stm32f4xx_hal.o(.data)
    .data                                    0x20000014   Section        4  system_stm32f4xx.o(.data)
    .data                                    0x20000018   Section        4  mvars.o(.data)
    .data                                    0x2000001c   Section        4  mvars.o(.data)
    .data__ZZN13STM32Hardware5flushEvE5mutex 0x20000020   Section        1  mainpp.o(.data__ZZN13STM32Hardware5flushEvE5mutex)
    .bss                                     0x20000028   Section     2480  mainpp.o(.bss)
    .bss                                     0x200009d8   Section       84  i2c.o(.bss)
    .bss                                     0x20000a2c   Section      420  tim.o(.bss)
    .bss                                     0x20000bd0   Section      320  usart.o(.bss)
    HEAP                                     0x20000d10   Section      512  startup_stm32f407xx.o(HEAP)
    STACK                                    0x20000f10   Section     1024  startup_stm32f407xx.o(STACK)

    Global Symbols

    Symbol Name                              Value     Ov Type        Size  Object(Section)

    BuildAttributes$$THM_ISAv4$E$P$D$K$B$S$7EM$VFPi3$EXTD16$VFPS$VFMA$PE$A:L22UL41UL21$X:L11$S22US41US21$IEEE1$IW$USESV6$~STKCKD$USESV7$~SHL$OTIME$ROPI$EBA8$UX$MICROLIB$REQ8$PRES8$EABIv2 0x00000000   Number         0  anon$$obj.o ABSOLUTE
    __ARM_use_no_argv                        0x00000000   Number         0  main.o ABSOLUTE
    __ARM::default_unexpected_handler()       - Undefined Weak Reference
    __ARM_exceptions_buffer_required          - Undefined Weak Reference
    __cxa_finalize                            - Undefined Weak Reference
    __decompress                              - Undefined Weak Reference
    _clock_init                               - Undefined Weak Reference
    _microlib_exit                            - Undefined Weak Reference
    __Vectors_Size                           0x00000188   Number         0  startup_stm32f407xx.o ABSOLUTE
    __Vectors                                0x08000000   Data           4  startup_stm32f407xx.o(RESET)
    __Vectors_End                            0x08000188   Data           0  startup_stm32f407xx.o(RESET)
    __main                                   0x08000189   Thumb Code     0  entry.o(.ARM.Collect$$$$00000000)
    _main_stk                                0x08000189   Thumb Code     0  entry2.o(.ARM.Collect$$$$00000001)
    _main_scatterload                        0x0800018d   Thumb Code     0  entry5.o(.ARM.Collect$$$$00000004)
    __main_after_scatterload                 0x08000191   Thumb Code     0  entry5.o(.ARM.Collect$$$$00000004)
    _main_clock                              0x08000191   Thumb Code     0  entry7b.o(.ARM.Collect$$$$00000008)
    _main_cpp_init$empty                     0x08000191   Thumb Code     0  entry8a.o(.ARM.Collect$$$$00000009)
    _main_cpp_init                           0x08000195   Thumb Code     0  entry8b.o(.ARM.Collect$$$$0000000A)
    _main_init                               0x08000195   Thumb Code     0  entry9a.o(.ARM.Collect$$$$0000000B)
    __rt_final_cpp                           0x0800019d   Thumb Code     0  entry10a.o(.ARM.Collect$$$$0000000D)
    __rt_final_exit                          0x0800019d   Thumb Code     0  entry11a.o(.ARM.Collect$$$$0000000F)
    Reset_Handler                            0x080001a1   Thumb Code     8  startup_stm32f407xx.o(.text)
    ADC_IRQHandler                           0x080001bb   Thumb Code     0  startup_stm32f407xx.o(.text)
    CAN1_RX0_IRQHandler                      0x080001bb   Thumb Code     0  startup_stm32f407xx.o(.text)
    CAN1_RX1_IRQHandler                      0x080001bb   Thumb Code     0  startup_stm32f407xx.o(.text)
    CAN1_SCE_IRQHandler                      0x080001bb   Thumb Code     0  startup_stm32f407xx.o(.text)
    CAN1_TX_IRQHandler                       0x080001bb   Thumb Code     0  startup_stm32f407xx.o(.text)
    CAN2_RX0_IRQHandler                      0x080001bb   Thumb Code     0  startup_stm32f407xx.o(.text)
    CAN2_RX1_IRQHandler                      0x080001bb   Thumb Code     0  startup_stm32f407xx.o(.text)
    CAN2_SCE_IRQHandler                      0x080001bb   Thumb Code     0  startup_stm32f407xx.o(.text)
    CAN2_TX_IRQHandler                       0x080001bb   Thumb Code     0  startup_stm32f407xx.o(.text)
    DCMI_IRQHandler                          0x080001bb   Thumb Code     0  startup_stm32f407xx.o(.text)
    DMA1_Stream0_IRQHandler                  0x080001bb   Thumb Code     0  startup_stm32f407xx.o(.text)
    DMA1_Stream1_IRQHandler                  0x080001bb   Thumb Code     0  startup_stm32f407xx.o(.text)
    DMA1_Stream2_IRQHandler                  0x080001bb   Thumb Code     0  startup_stm32f407xx.o(.text)
    DMA1_Stream3_IRQHandler                  0x080001bb   Thumb Code     0  startup_stm32f407xx.o(.text)
    DMA1_Stream4_IRQHandler                  0x080001bb   Thumb Code     0  startup_stm32f407xx.o(.text)
    DMA1_Stream5_IRQHandler                  0x080001bb   Thumb Code     0  startup_stm32f407xx.o(.text)
    DMA1_Stream6_IRQHandler                  0x080001bb   Thumb Code     0  startup_stm32f407xx.o(.text)
    DMA1_Stream7_IRQHandler                  0x080001bb   Thumb Code     0  startup_stm32f407xx.o(.text)
    DMA2_Stream0_IRQHandler                  0x080001bb   Thumb Code     0  startup_stm32f407xx.o(.text)
    DMA2_Stream1_IRQHandler                  0x080001bb   Thumb Code     0  startup_stm32f407xx.o(.text)
    DMA2_Stream3_IRQHandler                  0x080001bb   Thumb Code     0  startup_stm32f407xx.o(.text)
    DMA2_Stream4_IRQHandler                  0x080001bb   Thumb Code     0  startup_stm32f407xx.o(.text)
    DMA2_Stream5_IRQHandler                  0x080001bb   Thumb Code     0  startup_stm32f407xx.o(.text)
    DMA2_Stream6_IRQHandler                  0x080001bb   Thumb Code     0  startup_stm32f407xx.o(.text)
    ETH_IRQHandler                           0x080001bb   Thumb Code     0  startup_stm32f407xx.o(.text)
    ETH_WKUP_IRQHandler                      0x080001bb   Thumb Code     0  startup_stm32f407xx.o(.text)
    EXTI0_IRQHandler                         0x080001bb   Thumb Code     0  startup_stm32f407xx.o(.text)
    EXTI15_10_IRQHandler                     0x080001bb   Thumb Code     0  startup_stm32f407xx.o(.text)
    EXTI1_IRQHandler                         0x080001bb   Thumb Code     0  startup_stm32f407xx.o(.text)
    EXTI2_IRQHandler                         0x080001bb   Thumb Code     0  startup_stm32f407xx.o(.text)
    EXTI3_IRQHandler                         0x080001bb   Thumb Code     0  startup_stm32f407xx.o(.text)
    EXTI4_IRQHandler                         0x080001bb   Thumb Code     0  startup_stm32f407xx.o(.text)
    EXTI9_5_IRQHandler                       0x080001bb   Thumb Code     0  startup_stm32f407xx.o(.text)
    FLASH_IRQHandler                         0x080001bb   Thumb Code     0  startup_stm32f407xx.o(.text)
    FMC_IRQHandler                           0x080001bb   Thumb Code     0  startup_stm32f407xx.o(.text)
    FPU_IRQHandler                           0x080001bb   Thumb Code     0  startup_stm32f407xx.o(.text)
    HASH_RNG_IRQHandler                      0x080001bb   Thumb Code     0  startup_stm32f407xx.o(.text)
    I2C1_ER_IRQHandler                       0x080001bb   Thumb Code     0  startup_stm32f407xx.o(.text)
    I2C1_EV_IRQHandler                       0x080001bb   Thumb Code     0  startup_stm32f407xx.o(.text)
    I2C2_ER_IRQHandler                       0x080001bb   Thumb Code     0  startup_stm32f407xx.o(.text)
    I2C2_EV_IRQHandler                       0x080001bb   Thumb Code     0  startup_stm32f407xx.o(.text)
    I2C3_ER_IRQHandler                       0x080001bb   Thumb Code     0  startup_stm32f407xx.o(.text)
    I2C3_EV_IRQHandler                       0x080001bb   Thumb Code     0  startup_stm32f407xx.o(.text)
    OTG_FS_IRQHandler                        0x080001bb   Thumb Code     0  startup_stm32f407xx.o(.text)
    OTG_FS_WKUP_IRQHandler                   0x080001bb   Thumb Code     0  startup_stm32f407xx.o(.text)
    OTG_HS_EP1_IN_IRQHandler                 0x080001bb   Thumb Code     0  startup_stm32f407xx.o(.text)
    OTG_HS_EP1_OUT_IRQHandler                0x080001bb   Thumb Code     0  startup_stm32f407xx.o(.text)
    OTG_HS_IRQHandler                        0x080001bb   Thumb Code     0  startup_stm32f407xx.o(.text)
    OTG_HS_WKUP_IRQHandler                   0x080001bb   Thumb Code     0  startup_stm32f407xx.o(.text)
    PVD_IRQHandler                           0x080001bb   Thumb Code     0  startup_stm32f407xx.o(.text)
    RCC_IRQHandler                           0x080001bb   Thumb Code     0  startup_stm32f407xx.o(.text)
    RTC_Alarm_IRQHandler                     0x080001bb   Thumb Code     0  startup_stm32f407xx.o(.text)
    RTC_WKUP_IRQHandler                      0x080001bb   Thumb Code     0  startup_stm32f407xx.o(.text)
    SDIO_IRQHandler                          0x080001bb   Thumb Code     0  startup_stm32f407xx.o(.text)
    SPI1_IRQHandler                          0x080001bb   Thumb Code     0  startup_stm32f407xx.o(.text)
    SPI2_IRQHandler                          0x080001bb   Thumb Code     0  startup_stm32f407xx.o(.text)
    SPI3_IRQHandler                          0x080001bb   Thumb Code     0  startup_stm32f407xx.o(.text)
    TAMP_STAMP_IRQHandler                    0x080001bb   Thumb Code     0  startup_stm32f407xx.o(.text)
    TIM1_BRK_TIM9_IRQHandler                 0x080001bb   Thumb Code     0  startup_stm32f407xx.o(.text)
    TIM1_CC_IRQHandler                       0x080001bb   Thumb Code     0  startup_stm32f407xx.o(.text)
    TIM1_TRG_COM_TIM11_IRQHandler            0x080001bb   Thumb Code     0  startup_stm32f407xx.o(.text)
    TIM1_UP_TIM10_IRQHandler                 0x080001bb   Thumb Code     0  startup_stm32f407xx.o(.text)
    TIM2_IRQHandler                          0x080001bb   Thumb Code     0  startup_stm32f407xx.o(.text)
    TIM3_IRQHandler                          0x080001bb   Thumb Code     0  startup_stm32f407xx.o(.text)
    TIM4_IRQHandler                          0x080001bb   Thumb Code     0  startup_stm32f407xx.o(.text)
    TIM5_IRQHandler                          0x080001bb   Thumb Code     0  startup_stm32f407xx.o(.text)
    TIM7_IRQHandler                          0x080001bb   Thumb Code     0  startup_stm32f407xx.o(.text)
    TIM8_BRK_TIM12_IRQHandler                0x080001bb   Thumb Code     0  startup_stm32f407xx.o(.text)
    TIM8_CC_IRQHandler                       0x080001bb   Thumb Code     0  startup_stm32f407xx.o(.text)
    TIM8_TRG_COM_TIM14_IRQHandler            0x080001bb   Thumb Code     0  startup_stm32f407xx.o(.text)
    TIM8_UP_TIM13_IRQHandler                 0x080001bb   Thumb Code     0  startup_stm32f407xx.o(.text)
    UART4_IRQHandler                         0x080001bb   Thumb Code     0  startup_stm32f407xx.o(.text)
    UART5_IRQHandler                         0x080001bb   Thumb Code     0  startup_stm32f407xx.o(.text)
    USART2_IRQHandler                        0x080001bb   Thumb Code     0  startup_stm32f407xx.o(.text)
    USART3_IRQHandler                        0x080001bb   Thumb Code     0  startup_stm32f407xx.o(.text)
    USART6_IRQHandler                        0x080001bb   Thumb Code     0  startup_stm32f407xx.o(.text)
    WWDG_IRQHandler                          0x080001bb   Thumb Code     0  startup_stm32f407xx.o(.text)
    __aeabi_uldivmod                         0x080001c5   Thumb Code    98  uldiv.o(.text)
    __aeabi_memcpy                           0x08000227   Thumb Code    36  memcpya.o(.text)
    __aeabi_memcpy4                          0x08000227   Thumb Code     0  memcpya.o(.text)
    __aeabi_memcpy8                          0x08000227   Thumb Code     0  memcpya.o(.text)
    __aeabi_memset                           0x0800024b   Thumb Code    14  memseta.o(.text)
    __aeabi_memset4                          0x0800024b   Thumb Code     0  memseta.o(.text)
    __aeabi_memset8                          0x0800024b   Thumb Code     0  memseta.o(.text)
    __aeabi_memclr                           0x08000259   Thumb Code     4  memseta.o(.text)
    __aeabi_memclr4                          0x08000259   Thumb Code     0  memseta.o(.text)
    __aeabi_memclr8                          0x08000259   Thumb Code     0  memseta.o(.text)
    _memset$wrapper                          0x0800025d   Thumb Code    18  memseta.o(.text)
    strlen                                   0x0800026f   Thumb Code    14  strlen.o(.text)
    __cpp_initialize__aeabi_                 0x0800027d   Thumb Code    22  cpp_init.o(.text)
    __aeabi_dadd                             0x0800029d   Thumb Code   322  dadd.o(.text)
    __aeabi_dsub                             0x080003df   Thumb Code     6  dadd.o(.text)
    __aeabi_drsub                            0x080003e5   Thumb Code     6  dadd.o(.text)
    __aeabi_dmul                             0x080003eb   Thumb Code   228  dmul.o(.text)
    __aeabi_ddiv                             0x080004cf   Thumb Code   222  ddiv.o(.text)
    __aeabi_i2d                              0x080005ad   Thumb Code    34  dflti.o(.text)
    __aeabi_d2iz                             0x080005cf   Thumb Code    62  dfixi.o(.text)
    __aeabi_f2d                              0x0800060d   Thumb Code    38  f2d.o(.text)
    __aeabi_cdcmpeq                          0x08000635   Thumb Code     0  cdcmple.o(.text)
    __aeabi_cdcmple                          0x08000635   Thumb Code    48  cdcmple.o(.text)
    __aeabi_cdrcmple                         0x08000665   Thumb Code    48  cdrcmple.o(.text)
    __aeabi_d2f                              0x08000695   Thumb Code    56  d2f.o(.text)
    __aeabi_llsl                             0x080006cd   Thumb Code    30  llshl.o(.text)
    _ll_shift_l                              0x080006cd   Thumb Code     0  llshl.o(.text)
    __aeabi_llsr                             0x080006eb   Thumb Code    32  llushr.o(.text)
    _ll_ushift_r                             0x080006eb   Thumb Code     0  llushr.o(.text)
    __aeabi_lasr                             0x0800070b   Thumb Code    36  llsshr.o(.text)
    _ll_sshift_r                             0x0800070b   Thumb Code     0  llsshr.o(.text)
    __I$use$fp                               0x0800072f   Thumb Code     0  iusefp.o(.text)
    _float_round                             0x0800072f   Thumb Code    18  fepilogue.o(.text)
    _float_epilogue                          0x08000741   Thumb Code    92  fepilogue.o(.text)
    _double_round                            0x0800079d   Thumb Code    30  depilogue.o(.text)
    _double_epilogue                         0x080007bb   Thumb Code   156  depilogue.o(.text)
    __scatterload                            0x08000859   Thumb Code    28  init.o(.text)
    __scatterload_rt2                        0x08000859   Thumb Code     0  init.o(.text)
    BusFault_Handler                         0x0800087d   Thumb Code     2  stm32f4xx_it.o(i.BusFault_Handler)
    DMA2_Stream2_IRQHandler                  0x08000881   Thumb Code     6  stm32f4xx_it.o(i.DMA2_Stream2_IRQHandler)
    DMA2_Stream7_IRQHandler                  0x0800088d   Thumb Code     6  stm32f4xx_it.o(i.DMA2_Stream7_IRQHandler)
    DebugMon_Handler                         0x08000899   Thumb Code     2  stm32f4xx_it.o(i.DebugMon_Handler)
    Error_Handler                            0x0800089b   Thumb Code     2  main.o(i.Error_Handler)
    HAL_DMA_Abort_IT                         0x0800089d   Thumb Code    36  stm32f4xx_hal_dma.o(i.HAL_DMA_Abort_IT)
    HAL_DMA_IRQHandler                       0x080008c1   Thumb Code   412  stm32f4xx_hal_dma.o(i.HAL_DMA_IRQHandler)
    HAL_DMA_Init                             0x08000a61   Thumb Code   666  stm32f4xx_hal_dma.o(i.HAL_DMA_Init)
    HAL_DMA_Start_IT                         0x08000d41   Thumb Code   152  stm32f4xx_hal_dma.o(i.HAL_DMA_Start_IT)
    HAL_Delay                                0x08000e11   Thumb Code    32  stm32f4xx_hal.o(i.HAL_Delay)
    HAL_GPIO_Init                            0x08000e35   Thumb Code   646  stm32f4xx_hal_gpio.o(i.HAL_GPIO_Init)
    HAL_GPIO_TogglePin                       0x08001141   Thumb Code    26  stm32f4xx_hal_gpio.o(i.HAL_GPIO_TogglePin)
    HAL_GPIO_WritePin                        0x08001199   Thumb Code    46  stm32f4xx_hal_gpio.o(i.HAL_GPIO_WritePin)
    HAL_GetTick                              0x08001205   Thumb Code     6  stm32f4xx_hal.o(i.HAL_GetTick)
    HAL_I2C_Init                             0x08001211   Thumb Code   438  stm32f4xx_hal_i2c.o(i.HAL_I2C_Init)
    HAL_I2C_MspInit                          0x08001419   Thumb Code    92  i2c.o(i.HAL_I2C_MspInit)
    HAL_IncTick                              0x08001481   Thumb Code    12  stm32f4xx_hal.o(i.HAL_IncTick)
    HAL_Init                                 0x08001491   Thumb Code    48  stm32f4xx_hal.o(i.HAL_Init)
    HAL_InitTick                             0x080014c5   Thumb Code    54  stm32f4xx_hal.o(i.HAL_InitTick)
    HAL_MspInit                              0x08001505   Thumb Code    42  stm32f4xx_hal_msp.o(i.HAL_MspInit)
    HAL_NVIC_EnableIRQ                       0x08001535   Thumb Code    36  stm32f4xx_hal_cortex.o(i.HAL_NVIC_EnableIRQ)
    HAL_NVIC_SetPriority                     0x08001595   Thumb Code    94  stm32f4xx_hal_cortex.o(i.HAL_NVIC_SetPriority)
    HAL_NVIC_SetPriorityGrouping             0x08001635   Thumb Code    58  stm32f4xx_hal_cortex.o(i.HAL_NVIC_SetPriorityGrouping)
    HAL_RCC_ClockConfig                      0x080016b5   Thumb Code   510  stm32f4xx_hal_rcc.o(i.HAL_RCC_ClockConfig)
    HAL_RCC_GetPCLK1Freq                     0x080018fd   Thumb Code    20  stm32f4xx_hal_rcc.o(i.HAL_RCC_GetPCLK1Freq)
    HAL_RCC_GetPCLK2Freq                     0x0800191d   Thumb Code    20  stm32f4xx_hal_rcc.o(i.HAL_RCC_GetPCLK2Freq)
    HAL_RCC_GetSysClockFreq                  0x0800193d   Thumb Code    88  stm32f4xx_hal_rcc.o(i.HAL_RCC_GetSysClockFreq)
    HAL_RCC_OscConfig                        0x080019a1   Thumb Code  1118  stm32f4xx_hal_rcc.o(i.HAL_RCC_OscConfig)
    HAL_SYSTICK_Config                       0x08001dff   Thumb Code    40  stm32f4xx_hal_cortex.o(i.HAL_SYSTICK_Config)
    HAL_TIMEx_BreakCallback                  0x08001e27   Thumb Code     2  stm32f4xx_hal_tim_ex.o(i.HAL_TIMEx_BreakCallback)
    HAL_TIMEx_CommutationCallback            0x08001e29   Thumb Code     2  stm32f4xx_hal_tim_ex.o(i.HAL_TIMEx_CommutationCallback)
    HAL_TIMEx_ConfigBreakDeadTime            0x08001e2d   Thumb Code   266  stm32f4xx_hal_tim_ex.o(i.HAL_TIMEx_ConfigBreakDeadTime)
    HAL_TIMEx_MasterConfigSynchronization    0x08001f7d   Thumb Code   202  stm32f4xx_hal_tim_ex.o(i.HAL_TIMEx_MasterConfigSynchronization)
    HAL_TIM_Base_Init                        0x080020a1   Thumb Code   200  stm32f4xx_hal_tim.o(i.HAL_TIM_Base_Init)
    HAL_TIM_Base_MspInit                     0x080021d5   Thumb Code    72  tim.o(i.HAL_TIM_Base_MspInit)
    HAL_TIM_Base_Start                       0x08002225   Thumb Code   126  stm32f4xx_hal_tim.o(i.HAL_TIM_Base_Start)
    HAL_TIM_Base_Start_IT                    0x08002311   Thumb Code   124  stm32f4xx_hal_tim.o(i.HAL_TIM_Base_Start_IT)
    HAL_TIM_ConfigClockSource                0x080023f9   Thumb Code  1234  stm32f4xx_hal_tim.o(i.HAL_TIM_ConfigClockSource)
    HAL_TIM_Encoder_Init                     0x080028cd   Thumb Code   414  stm32f4xx_hal_tim.o(i.HAL_TIM_Encoder_Init)
    HAL_TIM_Encoder_MspInit                  0x08002ac1   Thumb Code   250  tim.o(i.HAL_TIM_Encoder_MspInit)
    HAL_TIM_Encoder_Start                    0x08002bdd   Thumb Code   114  stm32f4xx_hal_tim.o(i.HAL_TIM_Encoder_Start)
    HAL_TIM_IC_CaptureCallback               0x08002ca5   Thumb Code     2  stm32f4xx_hal_tim.o(i.HAL_TIM_IC_CaptureCallback)
    HAL_TIM_IRQHandler                       0x08002ca7   Thumb Code   358  stm32f4xx_hal_tim.o(i.HAL_TIM_IRQHandler)
    HAL_TIM_MspPostInit                      0x08002e0d   Thumb Code    72  tim.o(i.HAL_TIM_MspPostInit)
    HAL_TIM_OC_DelayElapsedCallback          0x08002e61   Thumb Code     2  stm32f4xx_hal_tim.o(i.HAL_TIM_OC_DelayElapsedCallback)
    HAL_TIM_PWM_ConfigChannel                0x08002e65   Thumb Code   536  stm32f4xx_hal_tim.o(i.HAL_TIM_PWM_ConfigChannel)
    HAL_TIM_PWM_Init                         0x080030e1   Thumb Code   206  stm32f4xx_hal_tim.o(i.HAL_TIM_PWM_Init)
    HAL_TIM_PWM_MspInit                      0x0800321d   Thumb Code    30  tim.o(i.HAL_TIM_PWM_MspInit)
    HAL_TIM_PWM_PulseFinishedCallback        0x08003245   Thumb Code     2  stm32f4xx_hal_tim.o(i.HAL_TIM_PWM_PulseFinishedCallback)
    HAL_TIM_PWM_Start                        0x08003249   Thumb Code   252  stm32f4xx_hal_tim.o(i.HAL_TIM_PWM_Start)
    HAL_TIM_PeriodElapsedCallback            0x080033a9   Thumb Code    66  mainpp.o(i.HAL_TIM_PeriodElapsedCallback)
    HAL_TIM_TriggerCallback                  0x080033f9   Thumb Code     2  stm32f4xx_hal_tim.o(i.HAL_TIM_TriggerCallback)
    HAL_UART_ErrorCallback                   0x080033fb   Thumb Code     2  stm32f4xx_hal_uart.o(i.HAL_UART_ErrorCallback)
    HAL_UART_IRQHandler                      0x080033fd   Thumb Code   266  stm32f4xx_hal_uart.o(i.HAL_UART_IRQHandler)
    HAL_UART_Init                            0x0800350d   Thumb Code   244  stm32f4xx_hal_uart.o(i.HAL_UART_Init)
    HAL_UART_MspInit                         0x08003655   Thumb Code   276  usart.o(i.HAL_UART_MspInit)
    HAL_UART_Receive_DMA                     0x08003781   Thumb Code   138  stm32f4xx_hal_uart.o(i.HAL_UART_Receive_DMA)
    HAL_UART_RxCpltCallback                  0x08003819   Thumb Code     6  mainpp.o(i.HAL_UART_RxCpltCallback)
    HAL_UART_RxHalfCpltCallback              0x08003825   Thumb Code     2  stm32f4xx_hal_uart.o(i.HAL_UART_RxHalfCpltCallback)
    HAL_UART_Transmit_DMA                    0x08003829   Thumb Code   114  stm32f4xx_hal_uart.o(i.HAL_UART_Transmit_DMA)
    HAL_UART_TxCpltCallback                  0x080038a9   Thumb Code     6  mainpp.o(i.HAL_UART_TxCpltCallback)
    HAL_UART_TxHalfCpltCallback              0x080038b5   Thumb Code     2  stm32f4xx_hal_uart.o(i.HAL_UART_TxHalfCpltCallback)
    HardFault_Handler                        0x080038b7   Thumb Code     2  stm32f4xx_it.o(i.HardFault_Handler)
    MX_DMA_Init                              0x080038b9   Thumb Code    56  dma.o(i.MX_DMA_Init)
    MX_GPIO_Init                             0x080038f5   Thumb Code   376  gpio.o(i.MX_GPIO_Init)
    MX_I2C1_Init                             0x08003a8d   Thumb Code    50  i2c.o(i.MX_I2C1_Init)
    MX_TIM1_Init                             0x08003acd   Thumb Code   200  tim.o(i.MX_TIM1_Init)
    MX_TIM2_Init                             0x08003b9d   Thumb Code    94  tim.o(i.MX_TIM2_Init)
    MX_TIM3_Init                             0x08003c01   Thumb Code    94  tim.o(i.MX_TIM3_Init)
    MX_TIM4_Init                             0x08003c69   Thumb Code    94  tim.o(i.MX_TIM4_Init)
    MX_TIM5_Init                             0x08003cd1   Thumb Code    94  tim.o(i.MX_TIM5_Init)
    MX_TIM6_Init                             0x08003d39   Thumb Code    60  tim.o(i.MX_TIM6_Init)
    MX_TIM8_Init                             0x08003d7d   Thumb Code    96  tim.o(i.MX_TIM8_Init)
    MX_USART1_UART_Init                      0x08003de5   Thumb Code    48  usart.o(i.MX_USART1_UART_Init)
    MX_USART2_UART_Init                      0x08003e1d   Thumb Code    48  usart.o(i.MX_USART2_UART_Init)
    MemManage_Handler                        0x08003e55   Thumb Code     2  stm32f4xx_it.o(i.MemManage_Handler)
    NMI_Handler                              0x08003e57   Thumb Code     2  stm32f4xx_it.o(i.NMI_Handler)
    PendSV_Handler                           0x08003e59   Thumb Code     2  stm32f4xx_it.o(i.PendSV_Handler)
    SVC_Handler                              0x08003e5b   Thumb Code     2  stm32f4xx_it.o(i.SVC_Handler)
    SysTick_Handler                          0x08003e5d   Thumb Code     4  stm32f4xx_it.o(i.SysTick_Handler)
    SystemInit                               0x08003e61   Thumb Code    66  system_stm32f4xx.o(i.SystemInit)
    TIM6_DAC_IRQHandler                      0x08003eb5   Thumb Code     6  stm32f4xx_it.o(i.TIM6_DAC_IRQHandler)
    TIM_Base_SetConfig                       0x08003ec1   Thumb Code   148  stm32f4xx_hal_tim.o(i.TIM_Base_SetConfig)
    TIM_CCxChannelCmd                        0x08003f81   Thumb Code   138  stm32f4xx_hal_tim.o(i.TIM_CCxChannelCmd)
    TIM_OC2_SetConfig                        0x08004071   Thumb Code   118  stm32f4xx_hal_tim.o(i.TIM_OC2_SetConfig)
    USART1_IRQHandler                        0x08004129   Thumb Code     6  stm32f4xx_it.o(i.USART1_IRQHandler)
    UsageFault_Handler                       0x08004135   Thumb Code     2  stm32f4xx_it.o(i.UsageFault_Handler)
    command_callback(const geometry_msgs::Twist&) 0x080045fd   Thumb Code    30  mainpp.o(i._Z16command_callbackRKN13geometry_msgs5TwistE)
    SystemClock_Config()                     0x08004865   Thumb Code   124  main.o(i._Z18SystemClock_Configv)
    publish_linear_velocity()                0x080049dd   Thumb Code    68  mainpp.o(i._Z23publish_linear_velocityv)
    motor_run()                              0x08004a71   Thumb Code   152  mainpp.o(i._Z9motor_runv)
    Kinematics::Velocities_to_rpm(float, float, float) 0x08004b11   Thumb Code   184  kinematics.o(i._ZN10Kinematics17Velocities_to_rpmEfff)
    Kinematics::rpm_to_Velocities(double, double, double, double) 0x08004bcd   Thumb Code   242  kinematics.o(i._ZN10Kinematics17rpm_to_VelocitiesEdddd)
    Kinematics::Kinematics(float, float, float) 0x08004cc5   Thumb Code    62  kinematics.o(i._ZN10KinematicsC1Efff)
    Kinematics::Kinematics__sub_object(float, float, float) 0x08004cc5   Thumb Code     0  kinematics.o(i._ZN10KinematicsC1Efff)
    STM32Hardware::reset_rbuf()              0x08004d0d   Thumb Code    14  mainpp.o(i._ZN13STM32Hardware10reset_rbufEv)
    STM32Hardware::flush()                   0x08004d1d   Thumb Code    82  mainpp.o(i._ZN13STM32Hardware5flushEv)
    geometry_msgs::Twist::deserialize(unsigned char*) 0x08004d75   Thumb Code    28  mainpp.o(i._ZN13geometry_msgs5Twist11deserializeEPh)
    geometry_msgs::Twist::getMD5()           0x08004d91   Thumb Code     4  mainpp.o(i._ZN13geometry_msgs5Twist6getMD5Ev)
    geometry_msgs::Twist::getType()          0x08004d99   Thumb Code     4  mainpp.o(i._ZN13geometry_msgs5Twist7getTypeEv)
    geometry_msgs::Twist::Twist()            0x08004da1   Thumb Code    12  mainpp.o(i._ZN13geometry_msgs5TwistC1Ev)
    geometry_msgs::Twist::Twist__sub_object() 0x08004da1   Thumb Code     0  mainpp.o(i._ZN13geometry_msgs5TwistC1Ev)
    geometry_msgs::Vector3::deserialize(unsigned char*) 0x08004db5   Thumb Code   258  mainpp.o(i._ZN13geometry_msgs7Vector311deserializeEPh)
    geometry_msgs::Vector3::getMD5()         0x08004eb9   Thumb Code     4  mainpp.o(i._ZN13geometry_msgs7Vector36getMD5Ev)
    geometry_msgs::Vector3::getType()        0x08004ec1   Thumb Code     4  mainpp.o(i._ZN13geometry_msgs7Vector37getTypeEv)
    rosserial_msgs::RequestParamResponse::deserialize(unsigned char*) 0x08004ec9   Thumb Code   238  mainpp.o(i._ZN14rosserial_msgs20RequestParamResponse11deserializeEPh)
    rosserial_msgs::RequestParamResponse::getMD5() 0x08004fb9   Thumb Code     4  mainpp.o(i._ZN14rosserial_msgs20RequestParamResponse6getMD5Ev)
    rosserial_msgs::RequestParamResponse::getType() 0x08004fc1   Thumb Code     4  mainpp.o(i._ZN14rosserial_msgs20RequestParamResponse7getTypeEv)
    rosserial_msgs::Log::getMD5()            0x08004fc9   Thumb Code     4  mainpp.o(i._ZN14rosserial_msgs3Log6getMD5Ev)
    rosserial_msgs::Log::getType()           0x08004fd1   Thumb Code     4  mainpp.o(i._ZN14rosserial_msgs3Log7getTypeEv)
    rosserial_msgs::TopicInfo::getMD5()      0x08004fd9   Thumb Code     4  mainpp.o(i._ZN14rosserial_msgs9TopicInfo6getMD5Ev)
    rosserial_msgs::TopicInfo::getType()     0x08004fe1   Thumb Code     4  mainpp.o(i._ZN14rosserial_msgs9TopicInfo7getTypeEv)
    PID::compute(double, double)             0x08004fe9   Thumb Code   252  pid.o(i._ZN3PID7computeEdd)
    PID::PID(float, float, float, float, float) 0x080050ed   Thumb Code     6  pid.o(i._ZN3PIDC1Efffff)
    PID::PID__sub_object(float, float, float, float, float) 0x080050ed   Thumb Code     0  pid.o(i._ZN3PIDC1Efffff)
    ros::normalizeSecNSec(unsigned long&, unsigned long&) 0x080050f5   Thumb Code    28  time.o(i._ZN3ros16normalizeSecNSecERmS0_)
    Motor::updateSpeed()                     0x08005115   Thumb Code   190  motor.o(i._ZN5Motor11updateSpeedEv)
    Motor::spin(short)                       0x080051f5   Thumb Code   256  motor.o(i._ZN5Motor4spinEs)
    Motor::Motor(Motor_TypeDef)              0x08005301   Thumb Code    18  motor.o(i._ZN5MotorC1E13Motor_TypeDef)
    Motor::Motor__sub_object(Motor_TypeDef)  0x08005301   Thumb Code     0  motor.o(i._ZN5MotorC1E13Motor_TypeDef)
    std_msgs::Time::deserialize(unsigned char*) 0x0800531d   Thumb Code    62  mainpp.o(i._ZN8std_msgs4Time11deserializeEPh)
    std_msgs::Time::getMD5()                 0x0800535d   Thumb Code     4  mainpp.o(i._ZN8std_msgs4Time6getMD5Ev)
    std_msgs::Time::getType()                0x08005365   Thumb Code     4  mainpp.o(i._ZN8std_msgs4Time7getTypeEv)
    std_msgs::Time::Time()                   0x0800536d   Thumb Code    12  mainpp.o(i._ZN8std_msgs4TimeC1Ev)
    std_msgs::Time::Time__sub_object()       0x0800536d   Thumb Code     0  mainpp.o(i._ZN8std_msgs4TimeC1Ev)
    geometry_msgs::Twist::serialize(unsigned char*) const 0x0800537d   Thumb Code    28  mainpp.o(i._ZNK13geometry_msgs5Twist9serializeEPh)
    geometry_msgs::Vector3::serialize(unsigned char*) const 0x08005399   Thumb Code   202  mainpp.o(i._ZNK13geometry_msgs7Vector39serializeEPh)
    rosserial_msgs::RequestParamResponse::serialize(unsigned char*) const 0x08005463   Thumb Code   188  mainpp.o(i._ZNK14rosserial_msgs20RequestParamResponse9serializeEPh)
    rosserial_msgs::Log::serialize(unsigned char*) const 0x0800551f   Thumb Code    36  mainpp.o(i._ZNK14rosserial_msgs3Log9serializeEPh)
    rosserial_msgs::TopicInfo::serialize(unsigned char*) const 0x08005543   Thumb Code   118  mainpp.o(i._ZNK14rosserial_msgs9TopicInfo9serializeEPh)
    std_msgs::Time::serialize(unsigned char*) const 0x080055b9   Thumb Code    50  mainpp.o(i._ZNK8std_msgs4Time9serializeEPh)
    __free$realloc                           0x080055ed   Thumb Code    88  mallocr.o(i.__free$realloc)
    malloc                                   0x08005649   Thumb Code    64  mallocr.o(i.__malloc$realloc)
    __scatterload_copy                       0x08005699   Thumb Code    14  handlers.o(i.__scatterload_copy)
    __scatterload_null                       0x080056a7   Thumb Code     2  handlers.o(i.__scatterload_null)
    __scatterload_zeroinit                   0x080056a9   Thumb Code    14  handlers.o(i.__scatterload_zeroinit)
    assert_failed                            0x080057f1   Thumb Code     2  main.o(i.assert_failed)
    loop                                     0x08005845   Thumb Code    26  mainpp.o(i.loop)
    main                                     0x08005865   Thumb Code   138  main.o(i.main)
    realloc                                  0x08005909   Thumb Code   102  mallocr.o(i.realloc)
    setup                                    0x08005975   Thumb Code   144  mainpp.o(i.setup)
    ros::Subscriber<geometry_msgs::Twist>::getMsgType() 0x08005a29   Thumb Code     4  mainpp.o(t._ZN3ros10SubscriberIN13geometry_msgs5TwistEE10getMsgTypeEv)
    ros::Subscriber<geometry_msgs::Twist>::getEndpointType() 0x08005a31   Thumb Code     4  mainpp.o(t._ZN3ros10SubscriberIN13geometry_msgs5TwistEE15getEndpointTypeEv)
    ros::Subscriber<geometry_msgs::Twist>::callback(unsigned char*) 0x08005a35   Thumb Code    22  mainpp.o(t._ZN3ros10SubscriberIN13geometry_msgs5TwistEE8callbackEPh)
    ros::Subscriber<geometry_msgs::Twist>::getMsgMD5() 0x08005a4d   Thumb Code     4  mainpp.o(t._ZN3ros10SubscriberIN13geometry_msgs5TwistEE9getMsgMD5Ev)
    ros::NodeHandle_<STM32Hardware, (int)25, (int)25, (int)512, (int)512>::negotiateTopics() 0x08005a55   Thumb Code   184  mainpp.o(t._ZN3ros11NodeHandle_I13STM32HardwareLi25ELi25ELi512ELi512EE15negotiateTopicsEv)
    ros::NodeHandle_<STM32Hardware, (int)25, (int)25, (int)512, (int)512>::requestSyncTime() 0x08005b11   Thumb Code    34  mainpp.o(t._ZN3ros11NodeHandle_I13STM32HardwareLi25ELi25ELi512ELi512EE15requestSyncTimeEv)
    ros::NodeHandle_<STM32Hardware, (int)25, (int)25, (int)512, (int)512>::log(char, const char*) 0x08005b35   Thumb Code    24  mainpp.o(t._ZN3ros11NodeHandle_I13STM32HardwareLi25ELi25ELi512ELi512EE3logEcPKc)
    ros::NodeHandle_<STM32Hardware, (int)25, (int)25, (int)512, (int)512>::publish(int, const ros::Msg*) 0x08005b51   Thumb Code   236  mainpp.o(t._ZN3ros11NodeHandle_I13STM32HardwareLi25ELi25ELi512ELi512EE7publishEiPKNS_3MsgE)
    ros::NodeHandle_<STM32Hardware, (int)25, (int)25, (int)512, (int)512>::spinOnce() 0x08005c41   Thumb Code   640  mainpp.o(t._ZN3ros11NodeHandle_I13STM32HardwareLi25ELi25ELi512ELi512EE8spinOnceEv)
    ros::NodeHandle_<STM32Hardware, (int)25, (int)25, (int)512, (int)512>::NodeHandle_() 0x08005ecd   Thumb Code   124  mainpp.o(t._ZN3ros11NodeHandle_I13STM32HardwareLi25ELi25ELi512ELi512EEC1Ev)
    ros::NodeHandle_<STM32Hardware, (int)25, (int)25, (int)512, (int)512>::NodeHandle___sub_object() 0x08005ecd   Thumb Code     0  mainpp.o(t._ZN3ros11NodeHandle_I13STM32HardwareLi25ELi25ELi512ELi512EEC1Ev)
    AHBPrescTable                            0x08005f7c   Data          16  system_stm32f4xx.o(.constdata)
    APBPrescTable                            0x08005f8c   Data           8  system_stm32f4xx.o(.constdata)
    vtable for geometry_msgs::Twist          0x08005f94   Data          24  mainpp.o(.constdata__ZTVN13geometry_msgs5TwistE)
    vtable for geometry_msgs::Vector3        0x08005fac   Data          24  mainpp.o(.constdata__ZTVN13geometry_msgs7Vector3E)
    vtable for rosserial_msgs::RequestParamResponse 0x08005fc4   Data          24  mainpp.o(.constdata__ZTVN14rosserial_msgs20RequestParamResponseE)
    vtable for rosserial_msgs::Log           0x08005fdc   Data          24  mainpp.o(.constdata__ZTVN14rosserial_msgs3LogE)
    vtable for rosserial_msgs::TopicInfo     0x08005ff4   Data          24  mainpp.o(.constdata__ZTVN14rosserial_msgs9TopicInfoE)
    vtable for ros::Subscriber<geometry_msgs::Twist> 0x0800600c   Data          24  mainpp.o(.constdata__ZTVN3ros10SubscriberIN13geometry_msgs5TwistEEE)
    vtable for ros::NodeHandle_<STM32Hardware, (int)25, (int)25, (int)512, (int)512> 0x08006024   Data          20  mainpp.o(.constdata__ZTVN3ros11NodeHandle_I13STM32HardwareLi25ELi25ELi512ELi512EEE)
    vtable for std_msgs::Time                0x08006038   Data          24  mainpp.o(.constdata__ZTVN8std_msgs4TimeE)
    geometry_msgs::Twist::getMD5()::string   0x08006050   Data          33  mainpp.o(.constdata__ZZN13geometry_msgs5Twist6getMD5EvEs)
    geometry_msgs::Twist::getType()::string  0x08006071   Data          20  mainpp.o(.constdata__ZZN13geometry_msgs5Twist7getTypeEvEs)
    geometry_msgs::Vector3::getMD5()::string 0x08006085   Data          33  mainpp.o(.constdata__ZZN13geometry_msgs7Vector36getMD5EvEs)
    geometry_msgs::Vector3::getType()::string 0x080060a6   Data          22  mainpp.o(.constdata__ZZN13geometry_msgs7Vector37getTypeEvEs)
    rosserial_msgs::RequestParamResponse::getMD5()::string 0x080060bc   Data          33  mainpp.o(.constdata__ZZN14rosserial_msgs20RequestParamResponse6getMD5EvEs)
    rosserial_msgs::Log::getMD5()::string    0x080060dd   Data          33  mainpp.o(.constdata__ZZN14rosserial_msgs3Log6getMD5EvEs)
    rosserial_msgs::Log::getType()::string   0x080060fe   Data          19  mainpp.o(.constdata__ZZN14rosserial_msgs3Log7getTypeEvEs)
    rosserial_msgs::TopicInfo::getMD5()::string 0x08006111   Data          33  mainpp.o(.constdata__ZZN14rosserial_msgs9TopicInfo6getMD5EvEs)
    rosserial_msgs::TopicInfo::getType()::string 0x08006132   Data          25  mainpp.o(.constdata__ZZN14rosserial_msgs9TopicInfo7getTypeEvEs)
    ros::NodeHandle_<STM32Hardware, (int)25, (int)25, (int)512, (int)512>::publish(int, const ros::Msg*)::string 0x0800614b   Data          57  mainpp.o(.constdata__ZZN3ros11NodeHandle_I13STM32HardwareLi25ELi25ELi512ELi512EE7publishEiPKNS_3MsgEEs)
    std_msgs::Time::getMD5()::string         0x08006184   Data          33  mainpp.o(.constdata__ZZN8std_msgs4Time6getMD5EvEs)
    std_msgs::Time::getType()::string        0x080061a5   Data          14  mainpp.o(.constdata__ZZN8std_msgs4Time7getTypeEvEs)
    Region$$Table$$Base                      0x080061b4   Number         0  anon$$obj.o(Region$$Table)
    Region$$Table$$Limit                     0x080061d4   Number         0  anon$$obj.o(Region$$Table)
    SHT$$INIT_ARRAY$$Base                    0x080061d4   Number         0  mainpp.o(.init_array)
    SHT$$INIT_ARRAY$$Limit                   0x080061d8   Number         0  cpp_init.o(.init_array)
    motorA_pwm                               0x20000000   Data           2  mainpp.o(.data)
    motorB_pwm                               0x20000002   Data           2  mainpp.o(.data)
    motorC_pwm                               0x20000004   Data           2  mainpp.o(.data)
    motorD_pwm                               0x20000006   Data           2  mainpp.o(.data)
    uwTickFreq                               0x20000008   Data           1  stm32f4xx_hal.o(.data)
    uwTickPrio                               0x2000000c   Data           4  stm32f4xx_hal.o(.data)
    uwTick                                   0x20000010   Data           4  stm32f4xx_hal.o(.data)
    SystemCoreClock                          0x20000014   Data           4  system_stm32f4xx.o(.data)
    __microlib_freelist                      0x20000018   Data           4  mvars.o(.data)
    __microlib_freelist_initialised          0x2000001c   Data           4  mvars.o(.data)
    STM32Hardware::flush()::mutex            0x20000020   Data           1  mainpp.o(.data__ZZN13STM32Hardware5flushEvE5mutex)
    motorA                                   0x20000028   Data          32  mainpp.o(.bss)
    motorB                                   0x20000048   Data          32  mainpp.o(.bss)
    motorC                                   0x20000068   Data          32  mainpp.o(.bss)
    motorD                                   0x20000088   Data          32  mainpp.o(.bss)
    pidA                                     0x200000a8   Data          48  mainpp.o(.bss)
    pidB                                     0x200000d8   Data          48  mainpp.o(.bss)
    pidC                                     0x20000108   Data          48  mainpp.o(.bss)
    pidD                                     0x20000138   Data          48  mainpp.o(.bss)
    kinematics                               0x20000168   Data          32  mainpp.o(.bss)
    raw_vel_msg                              0x20000188   Data          36  mainpp.o(.bss)
    req_rpm                                  0x200001b0   Data          32  mainpp.o(.bss)
    nh                                       0x200001d0   Data        1980  mainpp.o(.bss)
    cmd_sub                                  0x2000098c   Data          56  mainpp.o(.bss)
    raw_vel_pub                              0x200009c4   Data          20  mainpp.o(.bss)
    hi2c1                                    0x200009d8   Data          84  i2c.o(.bss)
    htim1                                    0x20000a2c   Data          60  tim.o(.bss)
    htim2                                    0x20000a68   Data          60  tim.o(.bss)
    htim3                                    0x20000aa4   Data          60  tim.o(.bss)
    htim4                                    0x20000ae0   Data          60  tim.o(.bss)
    htim5                                    0x20000b1c   Data          60  tim.o(.bss)
    htim6                                    0x20000b58   Data          60  tim.o(.bss)
    htim8                                    0x20000b94   Data          60  tim.o(.bss)
    huart1                                   0x20000bd0   Data          64  usart.o(.bss)
    huart2                                   0x20000c10   Data          64  usart.o(.bss)
    hdma_usart1_rx                           0x20000c50   Data          96  usart.o(.bss)
    hdma_usart1_tx                           0x20000cb0   Data          96  usart.o(.bss)
    __heap_base                              0x20000d10   Data           0  startup_stm32f407xx.o(HEAP)
    __heap_limit                             0x20000f10   Data           0  startup_stm32f407xx.o(HEAP)
    __initial_sp                             0x20001310   Data           0  startup_stm32f407xx.o(STACK)



==============================================================================

Memory Map of the image

  Image Entry point : 0x08000189

  Load Region LR_IROM1 (Base: 0x08000000, Size: 0x000061fc, Max: 0x00100000, ABSOLUTE)

    Execution Region ER_IROM1 (Exec base: 0x08000000, Load base: 0x08000000, Size: 0x000061d8, Max: 0x00100000, ABSOLUTE)

    Exec Addr    Load Addr    Size         Type   Attr      Idx    E Section Name        Object

    0x08000000   0x08000000   0x00000188   Data   RO            3    RESET               startup_stm32f407xx.o
    0x08000188   0x08000188   0x00000000   Code   RO         4506  * .ARM.Collect$$$$00000000  mc_w.l(entry.o)
    0x08000188   0x08000188   0x00000004   Code   RO         4575    .ARM.Collect$$$$00000001  mc_w.l(entry2.o)
    0x0800018c   0x0800018c   0x00000004   Code   RO         4578    .ARM.Collect$$$$00000004  mc_w.l(entry5.o)
    0x08000190   0x08000190   0x00000000   Code   RO         4580    .ARM.Collect$$$$00000008  mc_w.l(entry7b.o)
    0x08000190   0x08000190   0x00000004   Code   RO         4581    .ARM.Collect$$$$00000009  mc_w.l(entry8a.o)
    0x08000194   0x08000194   0x00000000   Code   RO         4582    .ARM.Collect$$$$0000000A  mc_w.l(entry8b.o)
    0x08000194   0x08000194   0x00000008   Code   RO         4583    .ARM.Collect$$$$0000000B  mc_w.l(entry9a.o)
    0x0800019c   0x0800019c   0x00000000   Code   RO         4585    .ARM.Collect$$$$0000000D  mc_w.l(entry10a.o)
    0x0800019c   0x0800019c   0x00000000   Code   RO         4587    .ARM.Collect$$$$0000000F  mc_w.l(entry11a.o)
    0x0800019c   0x0800019c   0x00000004   Code   RO         4576    .ARM.Collect$$$$00002712  mc_w.l(entry2.o)
    0x080001a0   0x080001a0   0x00000024   Code   RO            4    .text               startup_stm32f407xx.o
    0x080001c4   0x080001c4   0x00000062   Code   RO         4509    .text               mc_w.l(uldiv.o)
    0x08000226   0x08000226   0x00000024   Code   RO         4511    .text               mc_w.l(memcpya.o)
    0x0800024a   0x0800024a   0x00000024   Code   RO         4513    .text               mc_w.l(memseta.o)
    0x0800026e   0x0800026e   0x0000000e   Code   RO         4515    .text               mc_w.l(strlen.o)
    0x0800027c   0x0800027c   0x00000020   Code   RO         4540    .text               mc_w.l(cpp_init.o)
    0x0800029c   0x0800029c   0x0000014e   Code   RO         4542    .text               mf_w.l(dadd.o)
    0x080003ea   0x080003ea   0x000000e4   Code   RO         4544    .text               mf_w.l(dmul.o)
    0x080004ce   0x080004ce   0x000000de   Code   RO         4546    .text               mf_w.l(ddiv.o)
    0x080005ac   0x080005ac   0x00000022   Code   RO         4550    .text               mf_w.l(dflti.o)
    0x080005ce   0x080005ce   0x0000003e   Code   RO         4552    .text               mf_w.l(dfixi.o)
    0x0800060c   0x0800060c   0x00000026   Code   RO         4554    .text               mf_w.l(f2d.o)
    0x08000632   0x08000632   0x00000002   PAD
    0x08000634   0x08000634   0x00000030   Code   RO         4556    .text               mf_w.l(cdcmple.o)
    0x08000664   0x08000664   0x00000030   Code   RO         4558    .text               mf_w.l(cdrcmple.o)
    0x08000694   0x08000694   0x00000038   Code   RO         4560    .text               mf_w.l(d2f.o)
    0x080006cc   0x080006cc   0x0000001e   Code   RO         4589    .text               mc_w.l(llshl.o)
    0x080006ea   0x080006ea   0x00000020   Code   RO         4591    .text               mc_w.l(llushr.o)
    0x0800070a   0x0800070a   0x00000024   Code   RO         4593    .text               mc_w.l(llsshr.o)
    0x0800072e   0x0800072e   0x00000000   Code   RO         4597    .text               mc_w.l(iusefp.o)
    0x0800072e   0x0800072e   0x0000006e   Code   RO         4598    .text               mf_w.l(fepilogue.o)
    0x0800079c   0x0800079c   0x000000ba   Code   RO         4600    .text               mf_w.l(depilogue.o)
    0x08000856   0x08000856   0x00000002   PAD
    0x08000858   0x08000858   0x00000024   Code   RO         4615    .text               mc_w.l(init.o)
    0x0800087c   0x0800087c   0x00000002   Code   RO         1008    i.BusFault_Handler  stm32f4xx_it.o
    0x0800087e   0x0800087e   0x00000002   PAD
    0x08000880   0x08000880   0x0000000c   Code   RO         1009    i.DMA2_Stream2_IRQHandler  stm32f4xx_it.o
    0x0800088c   0x0800088c   0x0000000c   Code   RO         1010    i.DMA2_Stream7_IRQHandler  stm32f4xx_it.o
    0x08000898   0x08000898   0x00000002   Code   RO         1011    i.DebugMon_Handler  stm32f4xx_it.o
    0x0800089a   0x0800089a   0x00000002   Code   RO          622    i.Error_Handler     main.o
    0x0800089c   0x0800089c   0x00000024   Code   RO         3554    i.HAL_DMA_Abort_IT  stm32f4xx_hal_dma.o
    0x080008c0   0x080008c0   0x000001a0   Code   RO         3558    i.HAL_DMA_IRQHandler  stm32f4xx_hal_dma.o
    0x08000a60   0x08000a60   0x000002e0   Code   RO         3559    i.HAL_DMA_Init      stm32f4xx_hal_dma.o
    0x08000d40   0x08000d40   0x000000d0   Code   RO         3562    i.HAL_DMA_Start_IT  stm32f4xx_hal_dma.o
    0x08000e10   0x08000e10   0x00000024   Code   RO         4032    i.HAL_Delay         stm32f4xx_hal.o
    0x08000e34   0x08000e34   0x0000030c   Code   RO         3437    i.HAL_GPIO_Init     stm32f4xx_hal_gpio.o
    0x08001140   0x08001140   0x00000058   Code   RO         3440    i.HAL_GPIO_TogglePin  stm32f4xx_hal_gpio.o
    0x08001198   0x08001198   0x0000006c   Code   RO         3441    i.HAL_GPIO_WritePin  stm32f4xx_hal_gpio.o
    0x08001204   0x08001204   0x0000000c   Code   RO         4038    i.HAL_GetTick       stm32f4xx_hal.o
    0x08001210   0x08001210   0x00000208   Code   RO         1157    i.HAL_I2C_Init      stm32f4xx_hal_i2c.o
    0x08001418   0x08001418   0x00000068   Code   RO          790    i.HAL_I2C_MspInit   i2c.o
    0x08001480   0x08001480   0x00000010   Code   RO         4042    i.HAL_IncTick       stm32f4xx_hal.o
    0x08001490   0x08001490   0x00000034   Code   RO         4043    i.HAL_Init          stm32f4xx_hal.o
    0x080014c4   0x080014c4   0x00000040   Code   RO         4044    i.HAL_InitTick      stm32f4xx_hal.o
    0x08001504   0x08001504   0x00000030   Code   RO         1121    i.HAL_MspInit       stm32f4xx_hal_msp.o
    0x08001534   0x08001534   0x00000060   Code   RO         3876    i.HAL_NVIC_EnableIRQ  stm32f4xx_hal_cortex.o
    0x08001594   0x08001594   0x000000a0   Code   RO         3882    i.HAL_NVIC_SetPriority  stm32f4xx_hal_cortex.o
    0x08001634   0x08001634   0x00000080   Code   RO         3883    i.HAL_NVIC_SetPriorityGrouping  stm32f4xx_hal_cortex.o
    0x080016b4   0x080016b4   0x00000248   Code   RO         3021    i.HAL_RCC_ClockConfig  stm32f4xx_hal_rcc.o
    0x080018fc   0x080018fc   0x00000020   Code   RO         3028    i.HAL_RCC_GetPCLK1Freq  stm32f4xx_hal_rcc.o
    0x0800191c   0x0800191c   0x00000020   Code   RO         3029    i.HAL_RCC_GetPCLK2Freq  stm32f4xx_hal_rcc.o
    0x0800193c   0x0800193c   0x00000064   Code   RO         3030    i.HAL_RCC_GetSysClockFreq  stm32f4xx_hal_rcc.o
    0x080019a0   0x080019a0   0x0000045e   Code   RO         3033    i.HAL_RCC_OscConfig  stm32f4xx_hal_rcc.o
    0x08001dfe   0x08001dfe   0x00000028   Code   RO         3887    i.HAL_SYSTICK_Config  stm32f4xx_hal_cortex.o
    0x08001e26   0x08001e26   0x00000002   Code   RO         2364    i.HAL_TIMEx_BreakCallback  stm32f4xx_hal_tim_ex.o
    0x08001e28   0x08001e28   0x00000002   Code   RO         2365    i.HAL_TIMEx_CommutationCallback  stm32f4xx_hal_tim_ex.o
    0x08001e2a   0x08001e2a   0x00000002   PAD
    0x08001e2c   0x08001e2c   0x00000150   Code   RO         2366    i.HAL_TIMEx_ConfigBreakDeadTime  stm32f4xx_hal_tim_ex.o
    0x08001f7c   0x08001f7c   0x00000124   Code   RO         2381    i.HAL_TIMEx_MasterConfigSynchronization  stm32f4xx_hal_tim_ex.o
    0x080020a0   0x080020a0   0x00000134   Code   RO         1631    i.HAL_TIM_Base_Init  stm32f4xx_hal_tim.o
    0x080021d4   0x080021d4   0x00000050   Code   RO          835    i.HAL_TIM_Base_MspInit  tim.o
    0x08002224   0x08002224   0x000000ec   Code   RO         1634    i.HAL_TIM_Base_Start  stm32f4xx_hal_tim.o
    0x08002310   0x08002310   0x000000e8   Code   RO         1636    i.HAL_TIM_Base_Start_IT  stm32f4xx_hal_tim.o
    0x080023f8   0x080023f8   0x000004d2   Code   RO         1640    i.HAL_TIM_ConfigClockSource  stm32f4xx_hal_tim.o
    0x080028ca   0x080028ca   0x00000002   PAD
    0x080028cc   0x080028cc   0x000001f4   Code   RO         1649    i.HAL_TIM_Encoder_Init  stm32f4xx_hal_tim.o
    0x08002ac0   0x08002ac0   0x0000011c   Code   RO          837    i.HAL_TIM_Encoder_MspInit  tim.o
    0x08002bdc   0x08002bdc   0x000000c8   Code   RO         1652    i.HAL_TIM_Encoder_Start  stm32f4xx_hal_tim.o
    0x08002ca4   0x08002ca4   0x00000002   Code   RO         1660    i.HAL_TIM_IC_CaptureCallback  stm32f4xx_hal_tim.o
    0x08002ca6   0x08002ca6   0x00000166   Code   RO         1673    i.HAL_TIM_IRQHandler  stm32f4xx_hal_tim.o
    0x08002e0c   0x08002e0c   0x00000054   Code   RO          838    i.HAL_TIM_MspPostInit  tim.o
    0x08002e60   0x08002e60   0x00000002   Code   RO         1676    i.HAL_TIM_OC_DelayElapsedCallback  stm32f4xx_hal_tim.o
    0x08002e62   0x08002e62   0x00000002   PAD
    0x08002e64   0x08002e64   0x0000027c   Code   RO         1697    i.HAL_TIM_PWM_ConfigChannel  stm32f4xx_hal_tim.o
    0x080030e0   0x080030e0   0x0000013c   Code   RO         1700    i.HAL_TIM_PWM_Init  stm32f4xx_hal_tim.o
    0x0800321c   0x0800321c   0x00000028   Code   RO          840    i.HAL_TIM_PWM_MspInit  tim.o
    0x08003244   0x08003244   0x00000002   Code   RO         1703    i.HAL_TIM_PWM_PulseFinishedCallback  stm32f4xx_hal_tim.o
    0x08003246   0x08003246   0x00000002   PAD
    0x08003248   0x08003248   0x00000160   Code   RO         1704    i.HAL_TIM_PWM_Start  stm32f4xx_hal_tim.o
    0x080033a8   0x080033a8   0x00000050   Code   RO           13    i.HAL_TIM_PeriodElapsedCallback  mainpp.o
    0x080033f8   0x080033f8   0x00000002   Code   RO         1714    i.HAL_TIM_TriggerCallback  stm32f4xx_hal_tim.o
    0x080033fa   0x080033fa   0x00000002   Code   RO         2661    i.HAL_UART_ErrorCallback  stm32f4xx_hal_uart.o
    0x080033fc   0x080033fc   0x00000110   Code   RO         2664    i.HAL_UART_IRQHandler  stm32f4xx_hal_uart.o
    0x0800350c   0x0800350c   0x00000148   Code   RO         2665    i.HAL_UART_Init     stm32f4xx_hal_uart.o
    0x08003654   0x08003654   0x0000012c   Code   RO          957    i.HAL_UART_MspInit  usart.o
    0x08003780   0x08003780   0x00000098   Code   RO         2669    i.HAL_UART_Receive_DMA  stm32f4xx_hal_uart.o
    0x08003818   0x08003818   0x0000000c   Code   RO           14    i.HAL_UART_RxCpltCallback  mainpp.o
    0x08003824   0x08003824   0x00000002   Code   RO         2672    i.HAL_UART_RxHalfCpltCallback  stm32f4xx_hal_uart.o
    0x08003826   0x08003826   0x00000002   PAD
    0x08003828   0x08003828   0x00000080   Code   RO         2674    i.HAL_UART_Transmit_DMA  stm32f4xx_hal_uart.o
    0x080038a8   0x080038a8   0x0000000c   Code   RO           15    i.HAL_UART_TxCpltCallback  mainpp.o
    0x080038b4   0x080038b4   0x00000002   Code   RO         2677    i.HAL_UART_TxHalfCpltCallback  stm32f4xx_hal_uart.o
    0x080038b6   0x080038b6   0x00000002   Code   RO         1012    i.HardFault_Handler  stm32f4xx_it.o
    0x080038b8   0x080038b8   0x0000003c   Code   RO          764    i.MX_DMA_Init       dma.o
    0x080038f4   0x080038f4   0x00000198   Code   RO          739    i.MX_GPIO_Init      gpio.o
    0x08003a8c   0x08003a8c   0x00000040   Code   RO          791    i.MX_I2C1_Init      i2c.o
    0x08003acc   0x08003acc   0x000000d0   Code   RO          841    i.MX_TIM1_Init      tim.o
    0x08003b9c   0x08003b9c   0x00000064   Code   RO          842    i.MX_TIM2_Init      tim.o
    0x08003c00   0x08003c00   0x00000068   Code   RO          843    i.MX_TIM3_Init      tim.o
    0x08003c68   0x08003c68   0x00000068   Code   RO          844    i.MX_TIM4_Init      tim.o
    0x08003cd0   0x08003cd0   0x00000068   Code   RO          845    i.MX_TIM5_Init      tim.o
    0x08003d38   0x08003d38   0x00000044   Code   RO          846    i.MX_TIM6_Init      tim.o
    0x08003d7c   0x08003d7c   0x00000068   Code   RO          847    i.MX_TIM8_Init      tim.o
    0x08003de4   0x08003de4   0x00000038   Code   RO          958    i.MX_USART1_UART_Init  usart.o
    0x08003e1c   0x08003e1c   0x00000038   Code   RO          959    i.MX_USART2_UART_Init  usart.o
    0x08003e54   0x08003e54   0x00000002   Code   RO         1013    i.MemManage_Handler  stm32f4xx_it.o
    0x08003e56   0x08003e56   0x00000002   Code   RO         1014    i.NMI_Handler       stm32f4xx_it.o
    0x08003e58   0x08003e58   0x00000002   Code   RO         1015    i.PendSV_Handler    stm32f4xx_it.o
    0x08003e5a   0x08003e5a   0x00000002   Code   RO         1016    i.SVC_Handler       stm32f4xx_it.o
    0x08003e5c   0x08003e5c   0x00000004   Code   RO         1017    i.SysTick_Handler   stm32f4xx_it.o
    0x08003e60   0x08003e60   0x00000054   Code   RO         4222    i.SystemInit        system_stm32f4xx.o
    0x08003eb4   0x08003eb4   0x0000000c   Code   RO         1018    i.TIM6_DAC_IRQHandler  stm32f4xx_it.o
    0x08003ec0   0x08003ec0   0x000000c0   Code   RO         1715    i.TIM_Base_SetConfig  stm32f4xx_hal_tim.o
    0x08003f80   0x08003f80   0x000000f0   Code   RO         1716    i.TIM_CCxChannelCmd  stm32f4xx_hal_tim.o
    0x08004070   0x08004070   0x000000b8   Code   RO         1720    i.TIM_OC2_SetConfig  stm32f4xx_hal_tim.o
    0x08004128   0x08004128   0x0000000c   Code   RO         1019    i.USART1_IRQHandler  stm32f4xx_it.o
    0x08004134   0x08004134   0x00000002   Code   RO         1020    i.UsageFault_Handler  stm32f4xx_it.o
    0x08004136   0x08004136   0x00000028   Code   RO         3564    i._Z13DMA_SetConfigP19__DMA_HandleTypeDefjjj  stm32f4xx_hal_dma.o
    0x0800415e   0x0800415e   0x0000004a   Code   RO         2678    i._Z13UART_DMAErrorP19__DMA_HandleTypeDef  stm32f4xx_hal_uart.o
    0x080041a8   0x080041a8   0x00000344   Code   RO         2679    i._Z14UART_SetConfigP18UART_HandleTypeDef  stm32f4xx_hal_uart.o
    0x080044ec   0x080044ec   0x0000008c   Code   RO         2680    i._Z15UART_Receive_ITP18UART_HandleTypeDef  stm32f4xx_hal_uart.o
    0x08004578   0x08004578   0x00000020   Code   RO         3889    i._Z16NVIC_SetPriority9IRQn_Typej  stm32f4xx_hal_cortex.o
    0x08004598   0x08004598   0x00000062   Code   RO         2681    i._Z16UART_Transmit_ITP18UART_HandleTypeDef  stm32f4xx_hal_uart.o
    0x080045fa   0x080045fa   0x00000002   PAD
    0x080045fc   0x080045fc   0x00000024   Code   RO           16    i._Z16command_callbackRKN13geometry_msgs5TwistE  mainpp.o
    0x08004620   0x08004620   0x00000014   Code   RO         1722    i._Z17TIM_ETR_SetConfigP11TIM_TypeDefjjj  stm32f4xx_hal_tim.o
    0x08004634   0x08004634   0x00000058   Code   RO         1723    i._Z17TIM_OC1_SetConfigP11TIM_TypeDefP18TIM_OC_InitTypeDef  stm32f4xx_hal_tim.o
    0x0800468c   0x0800468c   0x000000e0   Code   RO         1724    i._Z17TIM_OC3_SetConfigP11TIM_TypeDefP18TIM_OC_InitTypeDef  stm32f4xx_hal_tim.o
    0x0800476c   0x0800476c   0x000000a4   Code   RO         1725    i._Z17TIM_OC4_SetConfigP11TIM_TypeDefP18TIM_OC_InitTypeDef  stm32f4xx_hal_tim.o
    0x08004810   0x08004810   0x00000054   Code   RO         3565    i._Z18DMA_CheckFifoParamP19__DMA_HandleTypeDef  stm32f4xx_hal_dma.o
    0x08004864   0x08004864   0x00000084   Code   RO          623    i._Z18SystemClock_Configv  main.o
    0x080048e8   0x080048e8   0x00000010   Code   RO         1728    i._Z18TIM_ITRx_SetConfigP11TIM_TypeDeft  stm32f4xx_hal_tim.o
    0x080048f8   0x080048f8   0x0000000a   Code   RO         2682    i._Z18UART_DMARxHalfCpltP19__DMA_HandleTypeDef  stm32f4xx_hal_uart.o
    0x08004902   0x08004902   0x0000000a   Code   RO         2683    i._Z18UART_DMATxHalfCpltP19__DMA_HandleTypeDef  stm32f4xx_hal_uart.o
    0x0800490c   0x0800490c   0x0000001c   Code   RO         2684    i._Z18UART_EndRxTransferP18UART_HandleTypeDef  stm32f4xx_hal_uart.o
    0x08004928   0x08004928   0x00000012   Code   RO         2685    i._Z18UART_EndTxTransferP18UART_HandleTypeDef  stm32f4xx_hal_uart.o
    0x0800493a   0x0800493a   0x0000003c   Code   RO         2686    i._Z19UART_DMAReceiveCpltP19__DMA_HandleTypeDef  stm32f4xx_hal_uart.o
    0x08004976   0x08004976   0x00000010   Code   RO         2687    i._Z20UART_DMAAbortOnErrorP19__DMA_HandleTypeDef  stm32f4xx_hal_uart.o
    0x08004986   0x08004986   0x0000002e   Code   RO         2688    i._Z20UART_DMATransmitCpltP19__DMA_HandleTypeDef  stm32f4xx_hal_uart.o
    0x080049b4   0x080049b4   0x00000028   Code   RO         3566    i._Z23DMA_CalcBaseAndBitshiftP19__DMA_HandleTypeDef  stm32f4xx_hal_dma.o
    0x080049dc   0x080049dc   0x0000004c   Code   RO           17    i._Z23publish_linear_velocityv  mainpp.o
    0x08004a28   0x08004a28   0x00000022   Code   RO         1731    i._Z24TIM_TI1_ConfigInputStageP11TIM_TypeDefjj  stm32f4xx_hal_tim.o
    0x08004a4a   0x08004a4a   0x00000024   Code   RO         1732    i._Z24TIM_TI2_ConfigInputStageP11TIM_TypeDefjj  stm32f4xx_hal_tim.o
    0x08004a6e   0x08004a6e   0x00000002   PAD
    0x08004a70   0x08004a70   0x000000a0   Code   RO           18    i._Z9motor_runv     mainpp.o
    0x08004b10   0x08004b10   0x000000bc   Code   RO         4298    i._ZN10Kinematics17Velocities_to_rpmEfff  kinematics.o
    0x08004bcc   0x08004bcc   0x000000f8   Code   RO         4299    i._ZN10Kinematics17rpm_to_VelocitiesEdddd  kinematics.o
    0x08004cc4   0x08004cc4   0x00000048   Code   RO         4300    i._ZN10KinematicsC1Efff  kinematics.o
    0x08004d0c   0x08004d0c   0x0000000e   Code   RO          140    i._ZN13STM32Hardware10reset_rbufEv  mainpp.o
    0x08004d1a   0x08004d1a   0x00000002   PAD
    0x08004d1c   0x08004d1c   0x00000058   Code   RO          103    i._ZN13STM32Hardware5flushEv  mainpp.o
    0x08004d74   0x08004d74   0x0000001c   Code   RO          231    i._ZN13geometry_msgs5Twist11deserializeEPh  mainpp.o
    0x08004d90   0x08004d90   0x00000008   Code   RO          255    i._ZN13geometry_msgs5Twist6getMD5Ev  mainpp.o
    0x08004d98   0x08004d98   0x00000008   Code   RO          243    i._ZN13geometry_msgs5Twist7getTypeEv  mainpp.o
    0x08004da0   0x08004da0   0x00000014   Code   RO          176    i._ZN13geometry_msgs5TwistC1Ev  mainpp.o
    0x08004db4   0x08004db4   0x00000102   Code   RO          128    i._ZN13geometry_msgs7Vector311deserializeEPh  mainpp.o
    0x08004eb6   0x08004eb6   0x00000002   PAD
    0x08004eb8   0x08004eb8   0x00000008   Code   RO          363    i._ZN13geometry_msgs7Vector36getMD5Ev  mainpp.o
    0x08004ec0   0x08004ec0   0x00000008   Code   RO          357    i._ZN13geometry_msgs7Vector37getTypeEv  mainpp.o
    0x08004ec8   0x08004ec8   0x000000ee   Code   RO          109    i._ZN14rosserial_msgs20RequestParamResponse11deserializeEPh  mainpp.o
    0x08004fb6   0x08004fb6   0x00000002   PAD
    0x08004fb8   0x08004fb8   0x00000008   Code   RO          351    i._ZN14rosserial_msgs20RequestParamResponse6getMD5Ev  mainpp.o
    0x08004fc0   0x08004fc0   0x00000008   Code   RO          345    i._ZN14rosserial_msgs20RequestParamResponse7getTypeEv  mainpp.o
    0x08004fc8   0x08004fc8   0x00000008   Code   RO          333    i._ZN14rosserial_msgs3Log6getMD5Ev  mainpp.o
    0x08004fd0   0x08004fd0   0x00000008   Code   RO          327    i._ZN14rosserial_msgs3Log7getTypeEv  mainpp.o
    0x08004fd8   0x08004fd8   0x00000008   Code   RO          309    i._ZN14rosserial_msgs9TopicInfo6getMD5Ev  mainpp.o
    0x08004fe0   0x08004fe0   0x00000008   Code   RO          303    i._ZN14rosserial_msgs9TopicInfo7getTypeEv  mainpp.o
    0x08004fe8   0x08004fe8   0x00000104   Code   RO         4370    i._ZN3PID7computeEdd  pid.o
    0x080050ec   0x080050ec   0x00000006   Code   RO         4371    i._ZN3PIDC1Efffff   pid.o
    0x080050f2   0x080050f2   0x00000002   PAD
    0x080050f4   0x080050f4   0x00000020   Code   RO         4258    i._ZN3ros16normalizeSecNSecERmS0_  time.o
    0x08005114   0x08005114   0x000000e0   Code   RO         4334    i._ZN5Motor11updateSpeedEv  motor.o
    0x080051f4   0x080051f4   0x0000010c   Code   RO         4335    i._ZN5Motor4spinEs  motor.o
    0x08005300   0x08005300   0x0000001c   Code   RO         4336    i._ZN5MotorC1E13Motor_TypeDef  motor.o
    0x0800531c   0x0800531c   0x0000003e   Code   RO          115    i._ZN8std_msgs4Time11deserializeEPh  mainpp.o
    0x0800535a   0x0800535a   0x00000002   PAD
    0x0800535c   0x0800535c   0x00000008   Code   RO          285    i._ZN8std_msgs4Time6getMD5Ev  mainpp.o
    0x08005364   0x08005364   0x00000008   Code   RO          279    i._ZN8std_msgs4Time7getTypeEv  mainpp.o
    0x0800536c   0x0800536c   0x00000010   Code   RO          153    i._ZN8std_msgs4TimeC1Ev  mainpp.o
    0x0800537c   0x0800537c   0x0000001c   Code   RO          369    i._ZNK13geometry_msgs5Twist9serializeEPh  mainpp.o
    0x08005398   0x08005398   0x000000ca   Code   RO          134    i._ZNK13geometry_msgs7Vector39serializeEPh  mainpp.o
    0x08005462   0x08005462   0x000000bc   Code   RO          339    i._ZNK14rosserial_msgs20RequestParamResponse9serializeEPh  mainpp.o
    0x0800551e   0x0800551e   0x00000024   Code   RO          315    i._ZNK14rosserial_msgs3Log9serializeEPh  mainpp.o
    0x08005542   0x08005542   0x00000076   Code   RO          291    i._ZNK14rosserial_msgs9TopicInfo9serializeEPh  mainpp.o
    0x080055b8   0x080055b8   0x00000032   Code   RO          273    i._ZNK8std_msgs4Time9serializeEPh  mainpp.o
    0x080055ea   0x080055ea   0x00000002   PAD
    0x080055ec   0x080055ec   0x0000005c   Code   RO         4519    i.__free$realloc    mc_w.l(mallocr.o)
    0x08005648   0x08005648   0x00000050   Code   RO         4520    i.__malloc$realloc  mc_w.l(mallocr.o)
    0x08005698   0x08005698   0x0000000e   Code   RO         4637    i.__scatterload_copy  mc_w.l(handlers.o)
    0x080056a6   0x080056a6   0x00000002   Code   RO         4638    i.__scatterload_null  mc_w.l(handlers.o)
    0x080056a8   0x080056a8   0x0000000e   Code   RO         4639    i.__scatterload_zeroinit  mc_w.l(handlers.o)
    0x080056b6   0x080056b6   0x00000002   PAD
    0x080056b8   0x080056b8   0x00000138   Code   RO           19    i.__sti___10_mainpp_cpp_motorA  mainpp.o
    0x080057f0   0x080057f0   0x00000002   Code   RO          624    i.assert_failed     main.o
    0x080057f2   0x080057f2   0x00000002   PAD
    0x080057f4   0x080057f4   0x00000050   Code   RO         4521    i.internal_alloc    mc_w.l(mallocr.o)
    0x08005844   0x08005844   0x00000020   Code   RO           20    i.loop              mainpp.o
    0x08005864   0x08005864   0x000000a4   Code   RO          625    i.main              main.o
    0x08005908   0x08005908   0x0000006c   Code   RO         4522    i.realloc           mc_w.l(mallocr.o)
    0x08005974   0x08005974   0x000000b4   Code   RO           21    i.setup             mainpp.o
    0x08005a28   0x08005a28   0x00000008   Code   RO          249    t._ZN3ros10SubscriberIN13geometry_msgs5TwistEE10getMsgTypeEv  mainpp.o
    0x08005a30   0x08005a30   0x00000004   Code   RO          267    t._ZN3ros10SubscriberIN13geometry_msgs5TwistEE15getEndpointTypeEv  mainpp.o
    0x08005a34   0x08005a34   0x00000016   Code   RO          237    t._ZN3ros10SubscriberIN13geometry_msgs5TwistEE8callbackEPh  mainpp.o
    0x08005a4a   0x08005a4a   0x00000002   PAD
    0x08005a4c   0x08005a4c   0x00000008   Code   RO          261    t._ZN3ros10SubscriberIN13geometry_msgs5TwistEE9getMsgMD5Ev  mainpp.o
    0x08005a54   0x08005a54   0x000000bc   Code   RO          163    t._ZN3ros11NodeHandle_I13STM32HardwareLi25ELi25ELi512ELi512EE15negotiateTopicsEv  mainpp.o
    0x08005b10   0x08005b10   0x00000022   Code   RO          156    t._ZN3ros11NodeHandle_I13STM32HardwareLi25ELi25ELi512ELi512EE15requestSyncTimeEv  mainpp.o
    0x08005b32   0x08005b32   0x00000002   PAD
    0x08005b34   0x08005b34   0x0000001c   Code   RO          146    t._ZN3ros11NodeHandle_I13STM32HardwareLi25ELi25ELi512ELi512EE3logEcPKc  mainpp.o
    0x08005b50   0x08005b50   0x000000f0   Code   RO          224    t._ZN3ros11NodeHandle_I13STM32HardwareLi25ELi25ELi512ELi512EE7publishEiPKNS_3MsgE  mainpp.o
    0x08005c40   0x08005c40   0x0000028c   Code   RO          121    t._ZN3ros11NodeHandle_I13STM32HardwareLi25ELi25ELi512ELi512EE8spinOnceEv  mainpp.o
    0x08005ecc   0x08005ecc   0x0000008c   Code   RO          170    t._ZN3ros11NodeHandle_I13STM32HardwareLi25ELi25ELi512ELi512EEC1Ev  mainpp.o
    0x08005f58   0x08005f58   0x0000001c   Data   RO           32    .constdata          mainpp.o
    0x08005f74   0x08005f74   0x00000008   Data   RO         3583    .constdata          stm32f4xx_hal_dma.o
    0x08005f7c   0x08005f7c   0x00000010   Data   RO         4225    .constdata          system_stm32f4xx.o
    0x08005f8c   0x08005f8c   0x00000008   Data   RO         4226    .constdata          system_stm32f4xx.o
    0x08005f94   0x08005f94   0x00000018   Data   RO          190    .constdata__ZTVN13geometry_msgs5TwistE  mainpp.o
    0x08005fac   0x08005fac   0x00000018   Data   RO          188    .constdata__ZTVN13geometry_msgs7Vector3E  mainpp.o
    0x08005fc4   0x08005fc4   0x00000018   Data   RO          186    .constdata__ZTVN14rosserial_msgs20RequestParamResponseE  mainpp.o
    0x08005fdc   0x08005fdc   0x00000018   Data   RO          184    .constdata__ZTVN14rosserial_msgs3LogE  mainpp.o
    0x08005ff4   0x08005ff4   0x00000018   Data   RO          182    .constdata__ZTVN14rosserial_msgs9TopicInfoE  mainpp.o
    0x0800600c   0x0800600c   0x00000018   Data   RO          194    .constdata__ZTVN3ros10SubscriberIN13geometry_msgs5TwistEEE  mainpp.o
    0x08006024   0x08006024   0x00000014   Data   RO          192    .constdata__ZTVN3ros11NodeHandle_I13STM32HardwareLi25ELi25ELi512ELi512EEE  mainpp.o
    0x08006038   0x08006038   0x00000018   Data   RO          180    .constdata__ZTVN8std_msgs4TimeE  mainpp.o
    0x08006050   0x08006050   0x00000021   Data   RO          101    .constdata__ZZN13geometry_msgs5Twist6getMD5EvEs  mainpp.o
    0x08006071   0x08006071   0x00000014   Data   RO          100    .constdata__ZZN13geometry_msgs5Twist7getTypeEvEs  mainpp.o
    0x08006085   0x08006085   0x00000021   Data   RO           99    .constdata__ZZN13geometry_msgs7Vector36getMD5EvEs  mainpp.o
    0x080060a6   0x080060a6   0x00000016   Data   RO           98    .constdata__ZZN13geometry_msgs7Vector37getTypeEvEs  mainpp.o
    0x080060bc   0x080060bc   0x00000021   Data   RO           97    .constdata__ZZN14rosserial_msgs20RequestParamResponse6getMD5EvEs  mainpp.o
    0x080060dd   0x080060dd   0x00000021   Data   RO           96    .constdata__ZZN14rosserial_msgs3Log6getMD5EvEs  mainpp.o
    0x080060fe   0x080060fe   0x00000013   Data   RO           95    .constdata__ZZN14rosserial_msgs3Log7getTypeEvEs  mainpp.o
    0x08006111   0x08006111   0x00000021   Data   RO           94    .constdata__ZZN14rosserial_msgs9TopicInfo6getMD5EvEs  mainpp.o
    0x08006132   0x08006132   0x00000019   Data   RO           93    .constdata__ZZN14rosserial_msgs9TopicInfo7getTypeEvEs  mainpp.o
    0x0800614b   0x0800614b   0x00000039   Data   RO          102    .constdata__ZZN3ros11NodeHandle_I13STM32HardwareLi25ELi25ELi512ELi512EE7publishEiPKNS_3MsgEEs  mainpp.o
    0x08006184   0x08006184   0x00000021   Data   RO           92    .constdata__ZZN8std_msgs4Time6getMD5EvEs  mainpp.o
    0x080061a5   0x080061a5   0x0000000e   Data   RO           91    .constdata__ZZN8std_msgs4Time7getTypeEvEs  mainpp.o
    0x080061b3   0x080061b3   0x00000001   PAD
    0x080061b4   0x080061b4   0x00000020   Data   RO         4635    Region$$Table       anon$$obj.o
    0x080061d4   0x080061d4   0x00000004   Data   RO           34    .init_array         mainpp.o
    0x080061d8   0x080061d4   0x00000000   Data   RO         4538    .init_array         mc_w.l(cpp_init.o)


    Execution Region RW_IRAM1 (Exec base: 0x20000000, Load base: 0x080061d8, Size: 0x00001310, Max: 0x00020000, ABSOLUTE)

    Exec Addr    Load Addr    Size         Type   Attr      Idx    E Section Name        Object

    0x20000000   0x080061d8   0x00000008   Data   RW           33    .data               mainpp.o
    0x20000008   0x080061e0   0x0000000c   Data   RW         4075    .data               stm32f4xx_hal.o
    0x20000014   0x080061ec   0x00000004   Data   RW         4227    .data               system_stm32f4xx.o
    0x20000018   0x080061f0   0x00000004   Data   RW         4595    .data               mc_w.l(mvars.o)
    0x2000001c   0x080061f4   0x00000004   Data   RW         4596    .data               mc_w.l(mvars.o)
    0x20000020   0x080061f8   0x00000001   Data   RW          195    .data__ZZN13STM32Hardware5flushEvE5mutex  mainpp.o
    0x20000021   0x080061f9   0x00000007   PAD
    0x20000028        -       0x000009b0   Zero   RW           31    .bss                mainpp.o
    0x200009d8        -       0x00000054   Zero   RW          795    .bss                i2c.o
    0x20000a2c        -       0x000001a4   Zero   RW          862    .bss                tim.o
    0x20000bd0        -       0x00000140   Zero   RW          964    .bss                usart.o
    0x20000d10        -       0x00000200   Zero   RW            2    HEAP                startup_stm32f407xx.o
    0x20000f10        -       0x00000400   Zero   RW            1    STACK               startup_stm32f407xx.o


==============================================================================

Image component sizes


      Code (inc. data)   RO Data    RW Data    ZI Data      Debug   Object Name

        60          4          0          0          0        758   dma.o
       408         32          0          0          0       1183   gpio.o
       168         26          0          0         84       1613   i2c.o
       508         20          0          0          0       2376   kinematics.o
       300         34          0          0          0     676488   main.o
      3666        264        575          9       2480     659873   mainpp.o
       520         56          0          0          0       2056   motor.o
       266          8          0          0          0       1968   pid.o
        36          8        392          0       1536        820   startup_stm32f407xx.o
       180         28          0         12          0       4509   stm32f4xx_hal.o
       456        196          0          0          0      30491   stm32f4xx_hal_cortex.o
      1560        136          8          0          0       6566   stm32f4xx_hal_dma.o
       976        258          0          0          0       3237   stm32f4xx_hal_gpio.o
       520         82          0          0          0       3055   stm32f4xx_hal_i2c.o
        48          6          0          0          0        826   stm32f4xx_hal_msp.o
      1866        192          0          0          0       5280   stm32f4xx_hal_rcc.o
      5578       1266          0          0          0      18898   stm32f4xx_hal_tim.o
       632        160          0          0          0       3226   stm32f4xx_hal_tim_ex.o
      2222        192          0          0          0      12658   stm32f4xx_hal_uart.o
        68         24          0          0          0       5772   stm32f4xx_it.o
        84         18         24          4          0       1139   system_stm32f4xx.o
      1280        124          0          0        420       7598   tim.o
        32          4          0          0          0        923   time.o
       412         40          0          0        320       2529   usart.o

    ----------------------------------------------------------------------
     21880       3178       1032         28       4844    1453842   Object Totals
         0          0         32          0          0          0   (incl. Generated)
        34          0          1          3          4          0   (incl. Padding)

    ----------------------------------------------------------------------

      Code (inc. data)   RO Data    RW Data    ZI Data      Debug   Library Member Name

        32         10          0          0          0         80   cpp_init.o
         0          0          0          0          0          0   entry.o
         0          0          0          0          0          0   entry10a.o
         0          0          0          0          0          0   entry11a.o
         8          4          0          0          0          0   entry2.o
         4          0          0          0          0          0   entry5.o
         0          0          0          0          0          0   entry7b.o
         4          0          0          0          0          0   entry8a.o
         0          0          0          0          0          0   entry8b.o
         8          4          0          0          0          0   entry9a.o
        30          0          0          0          0          0   handlers.o
        36          8          0          0          0         68   init.o
         0          0          0          0          0          0   iusefp.o
        30          0          0          0          0         68   llshl.o
        36          0          0          0          0         68   llsshr.o
        32          0          0          0          0         68   llushr.o
       360         30          0          0          0        356   mallocr.o
        36          0          0          0          0         68   memcpya.o
        36          0          0          0          0        108   memseta.o
         0          0          0          8          0          0   mvars.o
        14          0          0          0          0         68   strlen.o
        98          0          0          0          0         92   uldiv.o
        48          0          0          0          0         68   cdcmple.o
        48          0          0          0          0         68   cdrcmple.o
        56          0          0          0          0         88   d2f.o
       334          0          0          0          0        148   dadd.o
       222          0          0          0          0        100   ddiv.o
       186          0          0          0          0        176   depilogue.o
        62          0          0          0          0         80   dfixi.o
        34          0          0          0          0         76   dflti.o
       228          0          0          0          0         96   dmul.o
        38          0          0          0          0         68   f2d.o
       110          0          0          0          0        168   fepilogue.o

    ----------------------------------------------------------------------
      2136         56          0          8          0       2180   Library Totals
         6          0          0          0          0          0   (incl. Padding)

    ----------------------------------------------------------------------

      Code (inc. data)   RO Data    RW Data    ZI Data      Debug   Library Name

       764         56          0          8          0       1044   mc_w.l
      1366          0          0          0          0       1136   mf_w.l

    ----------------------------------------------------------------------
      2136         56          0          8          0       2180   Library Totals

    ----------------------------------------------------------------------

==============================================================================


      Code (inc. data)   RO Data    RW Data    ZI Data      Debug   

     24016       3234       1032         36       4844    1439734   Grand Totals
     24016       3234       1032         36       4844    1439734   ELF Image Totals
     24016       3234       1032         36          0          0   ROM Totals

==============================================================================

    Total RO  Size (Code + RO Data)                25048 (  24.46kB)
    Total RW  Size (RW Data + ZI Data)              4880 (   4.77kB)
    Total ROM Size (Code + RO Data + RW Data)      25084 (  24.50kB)

==============================================================================

